[    0.000000] Initializing cgroup subsys cpuset
[    0.000000] Initializing cgroup subsys cpu
[    0.000000] Initializing cgroup subsys cpuacct
[    0.000000] Linux version 4.4.0-109-generic (buildd@lgw01-amd64-038) (gcc version 5.4.0 20160609 (Ubuntu 5.4.0-6ubuntu1~16.04.5) ) #132-Ubuntu SMP Tue Jan 9 19:52:39 UTC 2018 (Ubuntu 4.4.0-109.132-generic 4.4.98)
[    0.000000] Command line: BOOT_IMAGE=/vmlinuz-4.4.0-109-generic root=/dev/mapper/VolGroup01-root ro nomodeset
[    0.000000] KERNEL supported cpus:
[    0.000000]   Intel GenuineIntel
[    0.000000]   AMD AuthenticAMD
[    0.000000]   Centaur CentaurHauls
[    0.000000] x86/fpu: xstate_offset[2]:  576, xstate_sizes[2]:  256
[    0.000000] x86/fpu: Supporting XSAVE feature 0x01: 'x87 floating point registers'
[    0.000000] x86/fpu: Supporting XSAVE feature 0x02: 'SSE registers'
[    0.000000] x86/fpu: Supporting XSAVE feature 0x04: 'AVX registers'
[    0.000000] x86/fpu: Enabled xstate features 0x7, context size is 832 bytes, using 'standard' format.
[    0.000000] x86/fpu: Using 'eager' FPU context switches.
[    0.000000] e820: BIOS-provided physical RAM map:
[    0.000000] BIOS-e820: [mem 0x0000000000000000-0x0000000000099fff] usable
[    0.000000] BIOS-e820: [mem 0x000000000009a000-0x000000000009ffff] reserved
[    0.000000] BIOS-e820: [mem 0x00000000000e0000-0x00000000000fffff] reserved
[    0.000000] BIOS-e820: [mem 0x0000000000100000-0x0000000078805fff] usable
[    0.000000] BIOS-e820: [mem 0x0000000078806000-0x0000000079ad9fff] reserved
[    0.000000] BIOS-e820: [mem 0x0000000079ada000-0x0000000079f14fff] ACPI NVS
[    0.000000] BIOS-e820: [mem 0x0000000079f15000-0x000000008fffffff] reserved
[    0.000000] BIOS-e820: [mem 0x00000000fed1c000-0x00000000fed44fff] reserved
[    0.000000] BIOS-e820: [mem 0x00000000ff000000-0x00000000ffffffff] reserved
[    0.000000] BIOS-e820: [mem 0x0000000100000000-0x000000207fffffff] usable
[    0.000000] NX (Execute Disable) protection: active
[    0.000000] SMBIOS 3.0 present.
[    0.000000] DMI: SGI.COM C2108-GP5/G250-G52-SG, BIOS R03 04/07/2016
[    0.000000] e820: update [mem 0x00000000-0x00000fff] usable ==> reserved
[    0.000000] e820: remove [mem 0x000a0000-0x000fffff] usable
[    0.000000] e820: last_pfn = 0x2080000 max_arch_pfn = 0x400000000
[    0.000000] MTRR default type: write-back
[    0.000000] MTRR fixed ranges enabled:
[    0.000000]   00000-9FFFF write-back
[    0.000000]   A0000-BFFFF uncachable
[    0.000000]   C0000-FFFFF write-protect
[    0.000000] MTRR variable ranges enabled:
[    0.000000]   0 base 000080000000 mask 3FFF80000000 uncachable
[    0.000000]   1 base 030000000000 mask 3F8000000000 uncachable
[    0.000000]   2 base 032000000000 mask 3FF000000000 write-through
[    0.000000]   3 base 033000000000 mask 3FF800000000 write-through
[    0.000000]   4 base 033800000000 mask 3FFC00000000 write-through
[    0.000000]   5 base 033C00000000 mask 3FFFFE000000 write-through
[    0.000000]   6 disabled
[    0.000000]   7 disabled
[    0.000000]   8 disabled
[    0.000000]   9 disabled
[    0.000000] x86/PAT: Configuration [0-7]: WB  WC  UC- UC  WB  WC  UC- WT  
[    0.000000] e820: last_pfn = 0x78806 max_arch_pfn = 0x400000000
[    0.000000] found SMP MP-table at [mem 0x000fd140-0x000fd14f] mapped at [ffff8800000fd140]
[    0.000000] Scanning 1 areas for low memory corruption
[    0.000000] Base memory trampoline at [ffff880000094000] 94000 size 24576
[    0.000000] Using GB pages for direct mapping
[    0.000000] BRK [0x02215000, 0x02215fff] PGTABLE
[    0.000000] BRK [0x02216000, 0x02216fff] PGTABLE
[    0.000000] BRK [0x02217000, 0x02217fff] PGTABLE
[    0.000000] RAMDISK: [mem 0x32c34000-0x35611fff]
[    0.000000] ACPI: Early table checksum verification disabled
[    0.000000] ACPI: RSDP 0x00000000000F05B0 000024 (v02 ALASKA)
[    0.000000] ACPI: XSDT 0x0000000079B520A8 0000CC (v01 GBT    GBTUACPI 01072009 AMI  00010013)
[    0.000000] ACPI: FACP 0x0000000079B851F0 00010C (v05 GBT    GBTUACPI 01072009 AMI  00010013)
[    0.000000] ACPI: DSDT 0x0000000079B52208 032FE7 (v02 GBT    GBTUACPI 01072009 INTL 20091013)
[    0.000000] ACPI: FACS 0x0000000079F13F80 000040
[    0.000000] ACPI: APIC 0x0000000079B85300 000374 (v03 GBT    GBTUACPI 01072009 AMI  00010013)
[    0.000000] ACPI: FPDT 0x0000000079B85678 000044 (v01 GBT    GBTUACPI 01072009 AMI  00010013)
[    0.000000] ACPI: FIDT 0x0000000079B856C0 00009C (v01 GBT    GBTUACPI 01072009 AMI  00010013)
[    0.000000] ACPI: SPMI 0x0000000079B85760 000041 (v05 GBT    GBTUACPI 00000000 AMI. 00000000)
[    0.000000] ACPI: MCFG 0x0000000079B857A8 00003C (v01 GBT    GBTUACPI 01072009 MSFT 00000097)
[    0.000000] ACPI: UEFI 0x0000000079B857E8 000042 (v01 GBT    GBTUACPI 01072009      00000000)
[    0.000000] ACPI: HPET 0x0000000079B85830 000038 (v01 GBT    GBTUACPI 00000001 INTL 20091013)
[    0.000000] ACPI: MSCT 0x0000000079B85868 000090 (v01 GBT    GBTUACPI 00000001 INTL 20091013)
[    0.000000] ACPI: SLIT 0x0000000079B858F8 000030 (v01 GBT    GBTUACPI 00000001 INTL 20091013)
[    0.000000] ACPI: SRAT 0x0000000079B85928 001158 (v03 GBT    GBTUACPI 00000001 INTL 20091013)
[    0.000000] ACPI: WDDT 0x0000000079B86A80 000040 (v01 GBT    GBTUACPI 00000000 INTL 20091013)
[    0.000000] ACPI: SSDT 0x0000000079B86AC0 0170C7 (v02 GBT    GBTUACPI 00000001 INTL 20120913)
[    0.000000] ACPI: SSDT 0x0000000079B9DB88 00264A (v02 GBT    GBTUACPI 00000002 INTL 20120913)
[    0.000000] ACPI: SSDT 0x0000000079BA01D8 000064 (v02 GBT    GBTUACPI 00000002 INTL 20120913)
[    0.000000] ACPI: PRAD 0x0000000079BA0240 000102 (v02 ALASKA A M I    00000002 INTL 20120913)
[    0.000000] ACPI: DMAR 0x0000000079BA0348 000108 (v01 GBT    GBTUACPI 00000001 INTL 20091013)
[    0.000000] ACPI: HEST 0x0000000079BA0450 0000A8 (v01 GBT    GBTUACPI 00000001 INTL 00000001)
[    0.000000] ACPI: BERT 0x0000000079BA04F8 000030 (v01 GBT    GBTUACPI 00000001 INTL 00000001)
[    0.000000] ACPI: ERST 0x0000000079BA0528 000230 (v01 GBT    GBTUACPI 00000001 INTL 00000001)
[    0.000000] ACPI: EINJ 0x0000000079BA0758 000130 (v01 GBT    GBTUACPI 00000001 INTL 00000001)
[    0.000000] ACPI: Local APIC address 0xfee00000
[    0.000000] SRAT: PXM 0 -> APIC 0x00 -> Node 0
[    0.000000] SRAT: PXM 0 -> APIC 0x02 -> Node 0
[    0.000000] SRAT: PXM 0 -> APIC 0x04 -> Node 0
[    0.000000] SRAT: PXM 0 -> APIC 0x06 -> Node 0
[    0.000000] SRAT: PXM 0 -> APIC 0x08 -> Node 0
[    0.000000] SRAT: PXM 0 -> APIC 0x0a -> Node 0
[    0.000000] SRAT: PXM 0 -> APIC 0x0c -> Node 0
[    0.000000] SRAT: PXM 0 -> APIC 0x10 -> Node 0
[    0.000000] SRAT: PXM 0 -> APIC 0x12 -> Node 0
[    0.000000] SRAT: PXM 0 -> APIC 0x14 -> Node 0
[    0.000000] SRAT: PXM 0 -> APIC 0x16 -> Node 0
[    0.000000] SRAT: PXM 0 -> APIC 0x18 -> Node 0
[    0.000000] SRAT: PXM 0 -> APIC 0x1a -> Node 0
[    0.000000] SRAT: PXM 0 -> APIC 0x1c -> Node 0
[    0.000000] SRAT: PXM 1 -> APIC 0x20 -> Node 1
[    0.000000] SRAT: PXM 1 -> APIC 0x22 -> Node 1
[    0.000000] SRAT: PXM 1 -> APIC 0x24 -> Node 1
[    0.000000] SRAT: PXM 1 -> APIC 0x26 -> Node 1
[    0.000000] SRAT: PXM 1 -> APIC 0x28 -> Node 1
[    0.000000] SRAT: PXM 1 -> APIC 0x2a -> Node 1
[    0.000000] SRAT: PXM 1 -> APIC 0x2c -> Node 1
[    0.000000] SRAT: PXM 1 -> APIC 0x30 -> Node 1
[    0.000000] SRAT: PXM 1 -> APIC 0x32 -> Node 1
[    0.000000] SRAT: PXM 1 -> APIC 0x34 -> Node 1
[    0.000000] SRAT: PXM 1 -> APIC 0x36 -> Node 1
[    0.000000] SRAT: PXM 1 -> APIC 0x38 -> Node 1
[    0.000000] SRAT: PXM 1 -> APIC 0x3a -> Node 1
[    0.000000] SRAT: PXM 1 -> APIC 0x3c -> Node 1
[    0.000000] SRAT: PXM 0 -> APIC 0x01 -> Node 0
[    0.000000] SRAT: PXM 0 -> APIC 0x03 -> Node 0
[    0.000000] SRAT: PXM 0 -> APIC 0x05 -> Node 0
[    0.000000] SRAT: PXM 0 -> APIC 0x07 -> Node 0
[    0.000000] SRAT: PXM 0 -> APIC 0x09 -> Node 0
[    0.000000] SRAT: PXM 0 -> APIC 0x0b -> Node 0
[    0.000000] SRAT: PXM 0 -> APIC 0x0d -> Node 0
[    0.000000] SRAT: PXM 0 -> APIC 0x11 -> Node 0
[    0.000000] SRAT: PXM 0 -> APIC 0x13 -> Node 0
[    0.000000] SRAT: PXM 0 -> APIC 0x15 -> Node 0
[    0.000000] SRAT: PXM 0 -> APIC 0x17 -> Node 0
[    0.000000] SRAT: PXM 0 -> APIC 0x19 -> Node 0
[    0.000000] SRAT: PXM 0 -> APIC 0x1b -> Node 0
[    0.000000] SRAT: PXM 0 -> APIC 0x1d -> Node 0
[    0.000000] SRAT: PXM 1 -> APIC 0x21 -> Node 1
[    0.000000] SRAT: PXM 1 -> APIC 0x23 -> Node 1
[    0.000000] SRAT: PXM 1 -> APIC 0x25 -> Node 1
[    0.000000] SRAT: PXM 1 -> APIC 0x27 -> Node 1
[    0.000000] SRAT: PXM 1 -> APIC 0x29 -> Node 1
[    0.000000] SRAT: PXM 1 -> APIC 0x2b -> Node 1
[    0.000000] SRAT: PXM 1 -> APIC 0x2d -> Node 1
[    0.000000] SRAT: PXM 1 -> APIC 0x31 -> Node 1
[    0.000000] SRAT: PXM 1 -> APIC 0x33 -> Node 1
[    0.000000] SRAT: PXM 1 -> APIC 0x35 -> Node 1
[    0.000000] SRAT: PXM 1 -> APIC 0x37 -> Node 1
[    0.000000] SRAT: PXM 1 -> APIC 0x39 -> Node 1
[    0.000000] SRAT: PXM 1 -> APIC 0x3b -> Node 1
[    0.000000] SRAT: PXM 1 -> APIC 0x3d -> Node 1
[    0.000000] SRAT: Node 0 PXM 0 [mem 0x00000000-0x7fffffff]
[    0.000000] SRAT: Node 0 PXM 0 [mem 0x100000000-0x107fffffff]
[    0.000000] SRAT: Node 1 PXM 1 [mem 0x1080000000-0x207fffffff]
[    0.000000] NUMA: Initialized distance table, cnt=2
[    0.000000] NUMA: Node 0 [mem 0x00000000-0x7fffffff] + [mem 0x100000000-0x107fffffff] -> [mem 0x00000000-0x107fffffff]
[    0.000000] NODE_DATA(0) allocated [mem 0x107fffb000-0x107fffffff]
[    0.000000] NODE_DATA(1) allocated [mem 0x207fff8000-0x207fffcfff]
[    0.000000] Zone ranges:
[    0.000000]   DMA      [mem 0x0000000000001000-0x0000000000ffffff]
[    0.000000]   DMA32    [mem 0x0000000001000000-0x00000000ffffffff]
[    0.000000]   Normal   [mem 0x0000000100000000-0x000000207fffffff]
[    0.000000]   Device   empty
[    0.000000] Movable zone start for each node
[    0.000000] Early memory node ranges
[    0.000000]   node   0: [mem 0x0000000000001000-0x0000000000099fff]
[    0.000000]   node   0: [mem 0x0000000000100000-0x0000000078805fff]
[    0.000000]   node   0: [mem 0x0000000100000000-0x000000107fffffff]
[    0.000000]   node   1: [mem 0x0000001080000000-0x000000207fffffff]
[    0.000000] Initmem setup node 0 [mem 0x0000000000001000-0x000000107fffffff]
[    0.000000] On node 0 totalpages: 16746399
[    0.000000]   DMA zone: 64 pages used for memmap
[    0.000000]   DMA zone: 21 pages reserved
[    0.000000]   DMA zone: 3993 pages, LIFO batch:0
[    0.000000]   DMA32 zone: 7649 pages used for memmap
[    0.000000]   DMA32 zone: 489478 pages, LIFO batch:31
[    0.000000]   Normal zone: 253952 pages used for memmap
[    0.000000]   Normal zone: 16252928 pages, LIFO batch:31
[    0.000000] Initmem setup node 1 [mem 0x0000001080000000-0x000000207fffffff]
[    0.000000] On node 1 totalpages: 16777216
[    0.000000]   Normal zone: 262144 pages used for memmap
[    0.000000]   Normal zone: 16777216 pages, LIFO batch:31
[    0.000000] ACPI: PM-Timer IO Port: 0x408
[    0.000000] ACPI: Local APIC address 0xfee00000
[    0.000000] ACPI: LAPIC_NMI (acpi_id[0x00] high edge lint[0x1])
[    0.000000] ACPI: LAPIC_NMI (acpi_id[0x02] high edge lint[0x1])
[    0.000000] ACPI: LAPIC_NMI (acpi_id[0x04] high edge lint[0x1])
[    0.000000] ACPI: LAPIC_NMI (acpi_id[0x06] high edge lint[0x1])
[    0.000000] ACPI: LAPIC_NMI (acpi_id[0x08] high edge lint[0x1])
[    0.000000] ACPI: LAPIC_NMI (acpi_id[0x0a] high edge lint[0x1])
[    0.000000] ACPI: LAPIC_NMI (acpi_id[0x0c] high edge lint[0x1])
[    0.000000] ACPI: LAPIC_NMI (acpi_id[0x10] high edge lint[0x1])
[    0.000000] ACPI: LAPIC_NMI (acpi_id[0x12] high edge lint[0x1])
[    0.000000] ACPI: LAPIC_NMI (acpi_id[0x14] high edge lint[0x1])
[    0.000000] ACPI: LAPIC_NMI (acpi_id[0x16] high edge lint[0x1])
[    0.000000] ACPI: LAPIC_NMI (acpi_id[0x18] high edge lint[0x1])
[    0.000000] ACPI: LAPIC_NMI (acpi_id[0x1a] high edge lint[0x1])
[    0.000000] ACPI: LAPIC_NMI (acpi_id[0x1c] high edge lint[0x1])
[    0.000000] ACPI: LAPIC_NMI (acpi_id[0x20] high edge lint[0x1])
[    0.000000] ACPI: LAPIC_NMI (acpi_id[0x22] high edge lint[0x1])
[    0.000000] ACPI: LAPIC_NMI (acpi_id[0x24] high edge lint[0x1])
[    0.000000] ACPI: LAPIC_NMI (acpi_id[0x26] high edge lint[0x1])
[    0.000000] ACPI: LAPIC_NMI (acpi_id[0x28] high edge lint[0x1])
[    0.000000] ACPI: LAPIC_NMI (acpi_id[0x2a] high edge lint[0x1])
[    0.000000] ACPI: LAPIC_NMI (acpi_id[0x2c] high edge lint[0x1])
[    0.000000] ACPI: LAPIC_NMI (acpi_id[0x30] high edge lint[0x1])
[    0.000000] ACPI: LAPIC_NMI (acpi_id[0x32] high edge lint[0x1])
[    0.000000] ACPI: LAPIC_NMI (acpi_id[0x34] high edge lint[0x1])
[    0.000000] ACPI: LAPIC_NMI (acpi_id[0x36] high edge lint[0x1])
[    0.000000] ACPI: LAPIC_NMI (acpi_id[0x38] high edge lint[0x1])
[    0.000000] ACPI: LAPIC_NMI (acpi_id[0x3a] high edge lint[0x1])
[    0.000000] ACPI: LAPIC_NMI (acpi_id[0x3c] high edge lint[0x1])
[    0.000000] ACPI: LAPIC_NMI (acpi_id[0x01] high edge lint[0x1])
[    0.000000] ACPI: LAPIC_NMI (acpi_id[0x03] high edge lint[0x1])
[    0.000000] ACPI: LAPIC_NMI (acpi_id[0x05] high edge lint[0x1])
[    0.000000] ACPI: LAPIC_NMI (acpi_id[0x07] high edge lint[0x1])
[    0.000000] ACPI: LAPIC_NMI (acpi_id[0x09] high edge lint[0x1])
[    0.000000] ACPI: LAPIC_NMI (acpi_id[0x0b] high edge lint[0x1])
[    0.000000] ACPI: LAPIC_NMI (acpi_id[0x0d] high edge lint[0x1])
[    0.000000] ACPI: LAPIC_NMI (acpi_id[0x11] high edge lint[0x1])
[    0.000000] ACPI: LAPIC_NMI (acpi_id[0x13] high edge lint[0x1])
[    0.000000] ACPI: LAPIC_NMI (acpi_id[0x15] high edge lint[0x1])
[    0.000000] ACPI: LAPIC_NMI (acpi_id[0x17] high edge lint[0x1])
[    0.000000] ACPI: LAPIC_NMI (acpi_id[0x19] high edge lint[0x1])
[    0.000000] ACPI: LAPIC_NMI (acpi_id[0x1b] high edge lint[0x1])
[    0.000000] ACPI: LAPIC_NMI (acpi_id[0x1d] high edge lint[0x1])
[    0.000000] ACPI: LAPIC_NMI (acpi_id[0x21] high edge lint[0x1])
[    0.000000] ACPI: LAPIC_NMI (acpi_id[0x23] high edge lint[0x1])
[    0.000000] ACPI: LAPIC_NMI (acpi_id[0x25] high edge lint[0x1])
[    0.000000] ACPI: LAPIC_NMI (acpi_id[0x27] high edge lint[0x1])
[    0.000000] ACPI: LAPIC_NMI (acpi_id[0x29] high edge lint[0x1])
[    0.000000] ACPI: LAPIC_NMI (acpi_id[0x2b] high edge lint[0x1])
[    0.000000] ACPI: LAPIC_NMI (acpi_id[0x2d] high edge lint[0x1])
[    0.000000] ACPI: LAPIC_NMI (acpi_id[0x31] high edge lint[0x1])
[    0.000000] ACPI: LAPIC_NMI (acpi_id[0x33] high edge lint[0x1])
[    0.000000] ACPI: LAPIC_NMI (acpi_id[0x35] high edge lint[0x1])
[    0.000000] ACPI: LAPIC_NMI (acpi_id[0x37] high edge lint[0x1])
[    0.000000] ACPI: LAPIC_NMI (acpi_id[0x39] high edge lint[0x1])
[    0.000000] ACPI: LAPIC_NMI (acpi_id[0x3b] high edge lint[0x1])
[    0.000000] ACPI: LAPIC_NMI (acpi_id[0x3d] high edge lint[0x1])
[    0.000000] IOAPIC[0]: apic_id 1, version 32, address 0xfec00000, GSI 0-23
[    0.000000] IOAPIC[1]: apic_id 2, version 32, address 0xfec01000, GSI 24-47
[    0.000000] IOAPIC[2]: apic_id 3, version 32, address 0xfec40000, GSI 48-71
[    0.000000] ACPI: INT_SRC_OVR (bus 0 bus_irq 0 global_irq 2 dfl dfl)
[    0.000000] ACPI: INT_SRC_OVR (bus 0 bus_irq 9 global_irq 9 high level)
[    0.000000] ACPI: IRQ0 used by override.
[    0.000000] ACPI: IRQ9 used by override.
[    0.000000] Using ACPI (MADT) for SMP configuration information
[    0.000000] ACPI: HPET id: 0x8086a701 base: 0xfed00000
[    0.000000] smpboot: Allowing 56 CPUs, 0 hotplug CPUs
[    0.000000] PM: Registered nosave memory: [mem 0x00000000-0x00000fff]
[    0.000000] PM: Registered nosave memory: [mem 0x0009a000-0x0009ffff]
[    0.000000] PM: Registered nosave memory: [mem 0x000a0000-0x000dffff]
[    0.000000] PM: Registered nosave memory: [mem 0x000e0000-0x000fffff]
[    0.000000] PM: Registered nosave memory: [mem 0x78806000-0x79ad9fff]
[    0.000000] PM: Registered nosave memory: [mem 0x79ada000-0x79f14fff]
[    0.000000] PM: Registered nosave memory: [mem 0x79f15000-0x8fffffff]
[    0.000000] PM: Registered nosave memory: [mem 0x90000000-0xfed1bfff]
[    0.000000] PM: Registered nosave memory: [mem 0xfed1c000-0xfed44fff]
[    0.000000] PM: Registered nosave memory: [mem 0xfed45000-0xfeffffff]
[    0.000000] PM: Registered nosave memory: [mem 0xff000000-0xffffffff]
[    0.000000] e820: [mem 0x90000000-0xfed1bfff] available for PCI devices
[    0.000000] Booting paravirtualized kernel on bare hardware
[    0.000000] clocksource: refined-jiffies: mask: 0xffffffff max_cycles: 0xffffffff, max_idle_ns: 7645519600211568 ns
[    0.000000] setup_percpu: NR_CPUS:512 nr_cpumask_bits:512 nr_cpu_ids:56 nr_node_ids:2
[    0.000000] PERCPU: Embedded 34 pages/cpu @ffff88103f600000 s99544 r8192 d31528 u262144
[    0.000000] pcpu-alloc: s99544 r8192 d31528 u262144 alloc=1*2097152
[    0.000000] pcpu-alloc: [0] 00 01 02 03 04 05 06 07 [0] 08 09 10 11 12 13 28 29 
[    0.000000] pcpu-alloc: [0] 30 31 32 33 34 35 36 37 [0] 38 39 40 41 -- -- -- -- 
[    0.000000] pcpu-alloc: [1] 14 15 16 17 18 19 20 21 [1] 22 23 24 25 26 27 42 43 
[    0.000000] pcpu-alloc: [1] 44 45 46 47 48 49 50 51 [1] 52 53 54 55 -- -- -- -- 
[    0.000000] Built 2 zonelists in Node order, mobility grouping on.  Total pages: 32999785
[    0.000000] Policy zone: Normal
[    0.000000] Kernel command line: BOOT_IMAGE=/vmlinuz-4.4.0-109-generic root=/dev/mapper/VolGroup01-root ro nomodeset
[    0.000000] log_buf_len individual max cpu contribution: 4096 bytes
[    0.000000] log_buf_len total cpu_extra contributions: 225280 bytes
[    0.000000] log_buf_len min size: 262144 bytes
[    0.000000] log_buf_len: 524288 bytes
[    0.000000] early log buf free: 244264(93%)
[    0.000000] PID hash table entries: 4096 (order: 3, 32768 bytes)
[    0.000000] Calgary: detecting Calgary via BIOS EBDA area
[    0.000000] Calgary: Unable to locate Rio Grande table in EBDA - bailing!
[    0.000000] Memory: 131861188K/134094460K available (8485K kernel code, 1308K rwdata, 3988K rodata, 1508K init, 1316K bss, 2233272K reserved, 0K cma-reserved)
[    0.000000] SLUB: HWalign=64, Order=0-3, MinObjects=0, CPUs=56, Nodes=2
[    0.000000] Kernel/User page tables isolation: enabled
[    0.000000] Hierarchical RCU implementation.
[    0.000000] 	Build-time adjustment of leaf fanout to 64.
[    0.000000] 	RCU restricting CPUs from NR_CPUS=512 to nr_cpu_ids=56.
[    0.000000] RCU: Adjusting geometry for rcu_fanout_leaf=64, nr_cpu_ids=56
[    0.000000] NR_IRQS:33024 nr_irqs:1688 16
[    0.000000] Console: colour dummy device 80x25
[    0.000000] console [tty0] enabled
[    0.000000] mempolicy: Enabling automatic NUMA balancing. Configure with numa_balancing= or the kernel.numa_balancing sysctl
[    0.000000] clocksource: hpet: mask: 0xffffffff max_cycles: 0xffffffff, max_idle_ns: 133484882848 ns
[    0.000000] hpet clockevent registered
[    0.000000] tsc: Fast TSC calibration using PIT
[    0.000000] tsc: Detected 2400.002 MHz processor
[    0.000041] Calibrating delay loop (skipped), value calculated using timer frequency.. 4800.00 BogoMIPS (lpj=9600008)
[    0.000048] pid_max: default: 57344 minimum: 448
[    0.000059] ACPI: Core revision 20150930
[    0.050454] ACPI: 4 ACPI AML tables successfully acquired and loaded
[    0.050522] Security Framework initialized
[    0.050526] Yama: becoming mindful.
[    0.050566] AppArmor: AppArmor initialized
[    0.057459] Dentry cache hash table entries: 16777216 (order: 15, 134217728 bytes)
[    0.081542] Inode-cache hash table entries: 8388608 (order: 14, 67108864 bytes)
[    0.091950] Mount-cache hash table entries: 262144 (order: 9, 2097152 bytes)
[    0.092079] Mountpoint-cache hash table entries: 262144 (order: 9, 2097152 bytes)
[    0.092958] Initializing cgroup subsys io
[    0.092964] Initializing cgroup subsys memory
[    0.092979] Initializing cgroup subsys devices
[    0.092983] Initializing cgroup subsys freezer
[    0.092987] Initializing cgroup subsys net_cls
[    0.092991] Initializing cgroup subsys perf_event
[    0.092996] Initializing cgroup subsys net_prio
[    0.093002] Initializing cgroup subsys hugetlb
[    0.093005] Initializing cgroup subsys pids
[    0.093042] CPU: Physical Processor ID: 0
[    0.093045] CPU: Processor Core ID: 0
[    0.093051] ENERGY_PERF_BIAS: Set to 'normal', was 'performance'
[    0.093054] ENERGY_PERF_BIAS: View and update with x86_energy_perf_policy(8)
[    0.093822] mce: CPU supports 22 MCE banks
[    0.093859] CPU0: Thermal monitoring enabled (TM1)
[    0.093891] process: using mwait in idle threads
[    0.093896] Last level iTLB entries: 4KB 64, 2MB 8, 4MB 8
[    0.093898] Last level dTLB entries: 4KB 64, 2MB 0, 4MB 0, 1GB 4
[    0.094281] Freeing SMP alternatives memory: 32K
[    0.096070] ftrace: allocating 32171 entries in 126 pages
[    0.109023] smpboot: APIC(0) Converting physical 0 to logical package 0
[    0.109027] smpboot: APIC(20) Converting physical 1 to logical package 1
[    0.109031] smpboot: Max logical packages: 4
[    0.109044] DMAR: Host address width 46
[    0.109048] DMAR: DRHD base: 0x000000fbffc000 flags: 0x0
[    0.109057] DMAR: dmar0: reg_base_addr fbffc000 ver 1:0 cap 8d2078c106f0466 ecap f020df
[    0.109062] DMAR: DRHD base: 0x000000c7ffc000 flags: 0x1
[    0.109068] DMAR: dmar1: reg_base_addr c7ffc000 ver 1:0 cap 8d2078c106f0466 ecap f020df
[    0.109072] DMAR: RMRR base: 0x0000007bb82000 end: 0x0000007bb92fff
[    0.109075] DMAR: ATSR flags: 0x0
[    0.109078] DMAR: RHSA base: 0x000000c7ffc000 proximity domain: 0x0
[    0.109081] DMAR: RHSA base: 0x000000fbffc000 proximity domain: 0x1
[    0.109085] DMAR-IR: IOAPIC id 3 under DRHD base  0xfbffc000 IOMMU 0
[    0.109088] DMAR-IR: IOAPIC id 1 under DRHD base  0xc7ffc000 IOMMU 1
[    0.109091] DMAR-IR: IOAPIC id 2 under DRHD base  0xc7ffc000 IOMMU 1
[    0.109094] DMAR-IR: HPET id 0 under DRHD base 0xc7ffc000
[    0.109097] DMAR-IR: x2apic is disabled because BIOS sets x2apic opt out bit.
[    0.109099] DMAR-IR: Use 'intremap=no_x2apic_optout' to override the BIOS setting.
[    0.109982] DMAR-IR: Enabled IRQ remapping in xapic mode
[    0.109985] x2apic: IRQ remapping doesn't support X2APIC mode
[    0.109990] Switched APIC routing to physical flat.
[    0.110629] ..TIMER: vector=0x30 apic1=0 pin1=2 apic2=-1 pin2=-1
[    0.150320] TSC deadline timer enabled
[    0.150326] smpboot: CPU0: Intel(R) Xeon(R) CPU E5-2680 v4 @ 2.40GHz (family: 0x6, model: 0x4f, stepping: 0x1)
[    0.150344] Performance Events: PEBS fmt2+, 16-deep LBR, Broadwell events, full-width counters, Intel PMU driver.
[    0.150367] ... version:                3
[    0.150370] ... bit width:              48
[    0.150372] ... generic registers:      4
[    0.150374] ... value mask:             0000ffffffffffff
[    0.150377] ... max period:             00007fffffffffff
[    0.150380] ... fixed-purpose events:   3
[    0.150382] ... event mask:             000000070000000f
[    0.151687] x86: Booting SMP configuration:
[    0.151690] .... node  #0, CPUs:        #1
[    0.157855] NMI watchdog: enabled on all CPUs, permanently consumes one hw-PMU counter.
[    0.157947]   #2  #3  #4  #5  #6  #7  #8  #9 #10 #11 #12 #13
[    0.209405] .... node  #1, CPUs:   #14 #15 #16 #17 #18 #19 #20 #21 #22 #23 #24 #25 #26 #27
[    0.365265] .... node  #0, CPUs:   #28 #29 #30 #31 #32 #33 #34 #35 #36 #37 #38 #39 #40 #41
[    0.425539] .... node  #1, CPUs:   #42 #43 #44 #45 #46 #47 #48 #49 #50 #51 #52 #53 #54 #55
[    0.485476] x86: Booted up 2 nodes, 56 CPUs
[    0.485482] smpboot: Total of 56 processors activated (268848.81 BogoMIPS)
[    0.652732] devtmpfs: initialized
[    0.652790] Using 2GB memory block size for large-memory system
[    0.654723] evm: security.selinux
[    0.654726] evm: security.SMACK64
[    0.654728] evm: security.SMACK64EXEC
[    0.654731] evm: security.SMACK64TRANSMUTE
[    0.654733] evm: security.SMACK64MMAP
[    0.654736] evm: security.ima
[    0.654738] evm: security.capability
[    0.654820] PM: Registering ACPI NVS region [mem 0x79ada000-0x79f14fff] (4435968 bytes)
[    0.655060] clocksource: jiffies: mask: 0xffffffff max_cycles: 0xffffffff, max_idle_ns: 7645041785100000 ns
[    0.655125] futex hash table entries: 16384 (order: 8, 1048576 bytes)
[    0.655621] pinctrl core: initialized pinctrl subsystem
[    0.655740] RTC time:  9:31:50, date: 02/24/18
[    0.656934] NET: Registered protocol family 16
[    0.679596] cpuidle: using governor ladder
[    0.699623] cpuidle: using governor menu
[    0.699632] PCCT header not found.
[    0.699875] ACPI FADT declares the system doesn't support PCIe ASPM, so disable it
[    0.699884] ACPI: bus type PCI registered
[    0.699889] acpiphp: ACPI Hot Plug PCI Controller Driver version: 0.5
[    0.700018] PCI: MMCONFIG for domain 0000 [bus 00-ff] at [mem 0x80000000-0x8fffffff] (base 0x80000000)
[    0.700023] PCI: MMCONFIG at [mem 0x80000000-0x8fffffff] reserved in E820
[    0.700041] PCI: Using configuration type 1 for base access
[    0.720558] ACPI: Added _OSI(Module Device)
[    0.720562] ACPI: Added _OSI(Processor Device)
[    0.720565] ACPI: Added _OSI(3.0 _SCP Extensions)
[    0.720567] ACPI: Added _OSI(Processor Aggregator Device)
[    0.743845] [Firmware Bug]: ACPI: BIOS _OSI(Linux) query ignored
[    0.792193] ACPI: Dynamic OEM Table Load:
[    0.792198] ACPI: PRAD 0x0000000000000000 000102 (v02 ALASKA A M I    00000002 INTL 20120913)
[    0.815038] ACPI: Interpreter enabled
[    0.815055] ACPI: (supports S0 S4 S5)
[    0.815059] ACPI: Using IOAPIC for interrupt routing
[    0.815111] HEST: Table parsing has been initialized.
[    0.815116] PCI: Using host bridge windows from ACPI; if necessary, use "pci=nocrs" and report a bug
[    0.848779] ACPI: PCI Root Bridge [UNC1] (domain 0000 [bus ff])
[    0.848786] acpi PNP0A03:02: _OSC: OS supports [ExtendedConfig ASPM ClockPM Segments MSI]
[    0.851031] acpi PNP0A03:02: _OSC: OS now controls [PCIeHotplug PME AER PCIeCapability]
[    0.851036] acpi PNP0A03:02: FADT indicates ASPM is unsupported, using BIOS configuration
[    0.851078] PCI host bridge to bus 0000:ff
[    0.851082] pci_bus 0000:ff: root bus resource [bus ff]
[    0.851093] pci 0000:ff:08.0: [8086:6f80] type 00 class 0x088000
[    0.851147] pci 0000:ff:08.2: [8086:6f32] type 00 class 0x110100
[    0.851194] pci 0000:ff:08.3: [8086:6f83] type 00 class 0x088000
[    0.851249] pci 0000:ff:09.0: [8086:6f90] type 00 class 0x088000
[    0.851293] pci 0000:ff:09.2: [8086:6f33] type 00 class 0x110100
[    0.851338] pci 0000:ff:09.3: [8086:6f93] type 00 class 0x088000
[    0.851391] pci 0000:ff:0b.0: [8086:6f81] type 00 class 0x088000
[    0.851432] pci 0000:ff:0b.1: [8086:6f36] type 00 class 0x110100
[    0.851473] pci 0000:ff:0b.2: [8086:6f37] type 00 class 0x110100
[    0.851515] pci 0000:ff:0b.3: [8086:6f76] type 00 class 0x088000
[    0.851558] pci 0000:ff:0c.0: [8086:6fe0] type 00 class 0x088000
[    0.851600] pci 0000:ff:0c.1: [8086:6fe1] type 00 class 0x088000
[    0.851641] pci 0000:ff:0c.2: [8086:6fe2] type 00 class 0x088000
[    0.851682] pci 0000:ff:0c.3: [8086:6fe3] type 00 class 0x088000
[    0.851723] pci 0000:ff:0c.4: [8086:6fe4] type 00 class 0x088000
[    0.851764] pci 0000:ff:0c.5: [8086:6fe5] type 00 class 0x088000
[    0.851805] pci 0000:ff:0c.6: [8086:6fe6] type 00 class 0x088000
[    0.851846] pci 0000:ff:0c.7: [8086:6fe7] type 00 class 0x088000
[    0.851887] pci 0000:ff:0d.0: [8086:6fe8] type 00 class 0x088000
[    0.851929] pci 0000:ff:0d.1: [8086:6fe9] type 00 class 0x088000
[    0.851970] pci 0000:ff:0d.2: [8086:6fea] type 00 class 0x088000
[    0.852011] pci 0000:ff:0d.3: [8086:6feb] type 00 class 0x088000
[    0.852052] pci 0000:ff:0d.4: [8086:6fec] type 00 class 0x088000
[    0.852093] pci 0000:ff:0d.5: [8086:6fed] type 00 class 0x088000
[    0.852136] pci 0000:ff:0f.0: [8086:6ff8] type 00 class 0x088000
[    0.852177] pci 0000:ff:0f.1: [8086:6ff9] type 00 class 0x088000
[    0.852218] pci 0000:ff:0f.2: [8086:6ffa] type 00 class 0x088000
[    0.852260] pci 0000:ff:0f.3: [8086:6ffb] type 00 class 0x088000
[    0.852302] pci 0000:ff:0f.4: [8086:6ffc] type 00 class 0x088000
[    0.852344] pci 0000:ff:0f.5: [8086:6ffd] type 00 class 0x088000
[    0.852386] pci 0000:ff:0f.6: [8086:6ffe] type 00 class 0x088000
[    0.852431] pci 0000:ff:10.0: [8086:6f1d] type 00 class 0x088000
[    0.852473] pci 0000:ff:10.1: [8086:6f34] type 00 class 0x110100
[    0.852516] pci 0000:ff:10.5: [8086:6f1e] type 00 class 0x088000
[    0.852557] pci 0000:ff:10.6: [8086:6f7d] type 00 class 0x110100
[    0.852599] pci 0000:ff:10.7: [8086:6f1f] type 00 class 0x088000
[    0.852641] pci 0000:ff:12.0: [8086:6fa0] type 00 class 0x088000
[    0.852671] pci 0000:ff:12.1: [8086:6f30] type 00 class 0x110100
[    0.852716] pci 0000:ff:12.4: [8086:6f60] type 00 class 0x088000
[    0.852724] pci 0000:ff:12.4: reg 0x14: [mem 0x00000000-0x0000000f]
[    0.852728] pci 0000:ff:12.4: reg 0x18: [mem 0x00000000-0x0000003f]
[    0.852731] pci 0000:ff:12.4: reg 0x1c: [mem 0x00000000-0x0000000f]
[    0.852734] pci 0000:ff:12.4: reg 0x20: [mem 0x00000000-0x0000003f]
[    0.852738] pci 0000:ff:12.4: reg 0x24: [mem 0x00000000-0x0000000f]
[    0.852768] pci 0000:ff:12.5: [8086:6f38] type 00 class 0x110100
[    0.852816] pci 0000:ff:13.0: [8086:6fa8] type 00 class 0x088000
[    0.852892] pci 0000:ff:13.1: [8086:6f71] type 00 class 0x088000
[    0.852969] pci 0000:ff:13.2: [8086:6faa] type 00 class 0x088000
[    0.853045] pci 0000:ff:13.3: [8086:6fab] type 00 class 0x088000
[    0.853122] pci 0000:ff:13.6: [8086:6fae] type 00 class 0x088000
[    0.853187] pci 0000:ff:13.7: [8086:6faf] type 00 class 0x088000
[    0.853254] pci 0000:ff:14.0: [8086:6fb0] type 00 class 0x088000
[    0.853329] pci 0000:ff:14.1: [8086:6fb1] type 00 class 0x088000
[    0.853403] pci 0000:ff:14.2: [8086:6fb2] type 00 class 0x088000
[    0.853479] pci 0000:ff:14.3: [8086:6fb3] type 00 class 0x088000
[    0.853552] pci 0000:ff:14.4: [8086:6fbc] type 00 class 0x088000
[    0.853619] pci 0000:ff:14.5: [8086:6fbd] type 00 class 0x088000
[    0.853684] pci 0000:ff:14.6: [8086:6fbe] type 00 class 0x088000
[    0.853750] pci 0000:ff:14.7: [8086:6fbf] type 00 class 0x088000
[    0.853819] pci 0000:ff:16.0: [8086:6f68] type 00 class 0x088000
[    0.853896] pci 0000:ff:16.1: [8086:6f79] type 00 class 0x088000
[    0.853972] pci 0000:ff:16.2: [8086:6f6a] type 00 class 0x088000
[    0.854048] pci 0000:ff:16.3: [8086:6f6b] type 00 class 0x088000
[    0.854125] pci 0000:ff:16.6: [8086:6f6e] type 00 class 0x088000
[    0.854192] pci 0000:ff:16.7: [8086:6f6f] type 00 class 0x088000
[    0.854260] pci 0000:ff:17.0: [8086:6fd0] type 00 class 0x088000
[    0.854338] pci 0000:ff:17.1: [8086:6fd1] type 00 class 0x088000
[    0.854414] pci 0000:ff:17.2: [8086:6fd2] type 00 class 0x088000
[    0.854491] pci 0000:ff:17.3: [8086:6fd3] type 00 class 0x088000
[    0.854566] pci 0000:ff:17.4: [8086:6fb8] type 00 class 0x088000
[    0.854620] pci 0000:ff:17.5: [8086:6fb9] type 00 class 0x088000
[    0.854665] pci 0000:ff:17.6: [8086:6fba] type 00 class 0x088000
[    0.854710] pci 0000:ff:17.7: [8086:6fbb] type 00 class 0x088000
[    0.854763] pci 0000:ff:1e.0: [8086:6f98] type 00 class 0x088000
[    0.854807] pci 0000:ff:1e.1: [8086:6f99] type 00 class 0x088000
[    0.854850] pci 0000:ff:1e.2: [8086:6f9a] type 00 class 0x088000
[    0.854895] pci 0000:ff:1e.3: [8086:6fc0] type 00 class 0x088000
[    0.854925] pci 0000:ff:1e.4: [8086:6f9c] type 00 class 0x088000
[    0.854974] pci 0000:ff:1f.0: [8086:6f88] type 00 class 0x088000
[    0.855021] pci 0000:ff:1f.2: [8086:6f8a] type 00 class 0x088000
[    0.855127] ACPI: PCI Root Bridge [UNC0] (domain 0000 [bus 7f])
[    0.855132] acpi PNP0A03:03: _OSC: OS supports [ExtendedConfig ASPM ClockPM Segments MSI]
[    0.855888] acpi PNP0A03:03: _OSC: OS now controls [PCIeHotplug PME AER PCIeCapability]
[    0.855893] acpi PNP0A03:03: FADT indicates ASPM is unsupported, using BIOS configuration
[    0.855931] PCI host bridge to bus 0000:7f
[    0.855935] pci_bus 0000:7f: root bus resource [bus 7f]
[    0.855943] pci 0000:7f:08.0: [8086:6f80] type 00 class 0x088000
[    0.855988] pci 0000:7f:08.2: [8086:6f32] type 00 class 0x110100
[    0.856030] pci 0000:7f:08.3: [8086:6f83] type 00 class 0x088000
[    0.856080] pci 0000:7f:09.0: [8086:6f90] type 00 class 0x088000
[    0.856120] pci 0000:7f:09.2: [8086:6f33] type 00 class 0x110100
[    0.856162] pci 0000:7f:09.3: [8086:6f93] type 00 class 0x088000
[    0.856211] pci 0000:7f:0b.0: [8086:6f81] type 00 class 0x088000
[    0.856249] pci 0000:7f:0b.1: [8086:6f36] type 00 class 0x110100
[    0.856289] pci 0000:7f:0b.2: [8086:6f37] type 00 class 0x110100
[    0.856327] pci 0000:7f:0b.3: [8086:6f76] type 00 class 0x088000
[    0.856368] pci 0000:7f:0c.0: [8086:6fe0] type 00 class 0x088000
[    0.856407] pci 0000:7f:0c.1: [8086:6fe1] type 00 class 0x088000
[    0.856445] pci 0000:7f:0c.2: [8086:6fe2] type 00 class 0x088000
[    0.856483] pci 0000:7f:0c.3: [8086:6fe3] type 00 class 0x088000
[    0.856522] pci 0000:7f:0c.4: [8086:6fe4] type 00 class 0x088000
[    0.856560] pci 0000:7f:0c.5: [8086:6fe5] type 00 class 0x088000
[    0.856600] pci 0000:7f:0c.6: [8086:6fe6] type 00 class 0x088000
[    0.856638] pci 0000:7f:0c.7: [8086:6fe7] type 00 class 0x088000
[    0.856677] pci 0000:7f:0d.0: [8086:6fe8] type 00 class 0x088000
[    0.856716] pci 0000:7f:0d.1: [8086:6fe9] type 00 class 0x088000
[    0.856754] pci 0000:7f:0d.2: [8086:6fea] type 00 class 0x088000
[    0.856793] pci 0000:7f:0d.3: [8086:6feb] type 00 class 0x088000
[    0.856833] pci 0000:7f:0d.4: [8086:6fec] type 00 class 0x088000
[    0.856872] pci 0000:7f:0d.5: [8086:6fed] type 00 class 0x088000
[    0.856913] pci 0000:7f:0f.0: [8086:6ff8] type 00 class 0x088000
[    0.856952] pci 0000:7f:0f.1: [8086:6ff9] type 00 class 0x088000
[    0.856990] pci 0000:7f:0f.2: [8086:6ffa] type 00 class 0x088000
[    0.857028] pci 0000:7f:0f.3: [8086:6ffb] type 00 class 0x088000
[    0.857067] pci 0000:7f:0f.4: [8086:6ffc] type 00 class 0x088000
[    0.857106] pci 0000:7f:0f.5: [8086:6ffd] type 00 class 0x088000
[    0.857145] pci 0000:7f:0f.6: [8086:6ffe] type 00 class 0x088000
[    0.857184] pci 0000:7f:10.0: [8086:6f1d] type 00 class 0x088000
[    0.857224] pci 0000:7f:10.1: [8086:6f34] type 00 class 0x110100
[    0.857265] pci 0000:7f:10.5: [8086:6f1e] type 00 class 0x088000
[    0.857303] pci 0000:7f:10.6: [8086:6f7d] type 00 class 0x110100
[    0.857341] pci 0000:7f:10.7: [8086:6f1f] type 00 class 0x088000
[    0.857381] pci 0000:7f:12.0: [8086:6fa0] type 00 class 0x088000
[    0.857409] pci 0000:7f:12.1: [8086:6f30] type 00 class 0x110100
[    0.857452] pci 0000:7f:12.4: [8086:6f60] type 00 class 0x088000
[    0.857458] pci 0000:7f:12.4: reg 0x14: [mem 0x00000000-0x0000000f]
[    0.857462] pci 0000:7f:12.4: reg 0x18: [mem 0x00000000-0x0000003f]
[    0.857465] pci 0000:7f:12.4: reg 0x1c: [mem 0x00000000-0x0000000f]
[    0.857469] pci 0000:7f:12.4: reg 0x20: [mem 0x00000000-0x0000003f]
[    0.857472] pci 0000:7f:12.4: reg 0x24: [mem 0x00000000-0x0000000f]
[    0.857500] pci 0000:7f:12.5: [8086:6f38] type 00 class 0x110100
[    0.857546] pci 0000:7f:13.0: [8086:6fa8] type 00 class 0x088000
[    0.857619] pci 0000:7f:13.1: [8086:6f71] type 00 class 0x088000
[    0.857690] pci 0000:7f:13.2: [8086:6faa] type 00 class 0x088000
[    0.857761] pci 0000:7f:13.3: [8086:6fab] type 00 class 0x088000
[    0.857814] pci 0000:7f:13.6: [8086:6fae] type 00 class 0x088000
[    0.857855] pci 0000:7f:13.7: [8086:6faf] type 00 class 0x088000
[    0.857898] pci 0000:7f:14.0: [8086:6fb0] type 00 class 0x088000
[    0.857947] pci 0000:7f:14.1: [8086:6fb1] type 00 class 0x088000
[    0.857996] pci 0000:7f:14.2: [8086:6fb2] type 00 class 0x088000
[    0.858045] pci 0000:7f:14.3: [8086:6fb3] type 00 class 0x088000
[    0.858093] pci 0000:7f:14.4: [8086:6fbc] type 00 class 0x088000
[    0.858134] pci 0000:7f:14.5: [8086:6fbd] type 00 class 0x088000
[    0.858176] pci 0000:7f:14.6: [8086:6fbe] type 00 class 0x088000
[    0.858218] pci 0000:7f:14.7: [8086:6fbf] type 00 class 0x088000
[    0.858262] pci 0000:7f:16.0: [8086:6f68] type 00 class 0x088000
[    0.858334] pci 0000:7f:16.1: [8086:6f79] type 00 class 0x088000
[    0.858408] pci 0000:7f:16.2: [8086:6f6a] type 00 class 0x088000
[    0.858480] pci 0000:7f:16.3: [8086:6f6b] type 00 class 0x088000
[    0.858553] pci 0000:7f:16.6: [8086:6f6e] type 00 class 0x088000
[    0.858612] pci 0000:7f:16.7: [8086:6f6f] type 00 class 0x088000
[    0.858656] pci 0000:7f:17.0: [8086:6fd0] type 00 class 0x088000
[    0.858730] pci 0000:7f:17.1: [8086:6fd1] type 00 class 0x088000
[    0.858802] pci 0000:7f:17.2: [8086:6fd2] type 00 class 0x088000
[    0.858877] pci 0000:7f:17.3: [8086:6fd3] type 00 class 0x088000
[    0.858949] pci 0000:7f:17.4: [8086:6fb8] type 00 class 0x088000
[    0.859013] pci 0000:7f:17.5: [8086:6fb9] type 00 class 0x088000
[    0.859077] pci 0000:7f:17.6: [8086:6fba] type 00 class 0x088000
[    0.859141] pci 0000:7f:17.7: [8086:6fbb] type 00 class 0x088000
[    0.859214] pci 0000:7f:1e.0: [8086:6f98] type 00 class 0x088000
[    0.859278] pci 0000:7f:1e.1: [8086:6f99] type 00 class 0x088000
[    0.859341] pci 0000:7f:1e.2: [8086:6f9a] type 00 class 0x088000
[    0.859404] pci 0000:7f:1e.3: [8086:6fc0] type 00 class 0x088000
[    0.859456] pci 0000:7f:1e.4: [8086:6f9c] type 00 class 0x088000
[    0.859526] pci 0000:7f:1f.0: [8086:6f88] type 00 class 0x088000
[    0.859590] pci 0000:7f:1f.2: [8086:6f8a] type 00 class 0x088000
[    0.870501] ACPI: PCI Root Bridge [PCI0] (domain 0000 [bus 00-7e])
[    0.870506] acpi PNP0A08:00: _OSC: OS supports [ExtendedConfig ASPM ClockPM Segments MSI]
[    0.871052] acpi PNP0A08:00: _OSC: OS now controls [PCIeHotplug PME AER PCIeCapability]
[    0.871057] acpi PNP0A08:00: FADT indicates ASPM is unsupported, using BIOS configuration
[    0.871311] PCI host bridge to bus 0000:00
[    0.871315] pci_bus 0000:00: root bus resource [io  0x0000-0x0cf7 window]
[    0.871318] pci_bus 0000:00: root bus resource [io  0x1000-0x7fff window]
[    0.871322] pci_bus 0000:00: root bus resource [mem 0x000a0000-0x000bffff window]
[    0.871327] pci_bus 0000:00: root bus resource [mem 0x90000000-0xc7ffbfff window]
[    0.871331] pci_bus 0000:00: root bus resource [mem 0x30000000000-0x33fffffffff window]
[    0.871336] pci_bus 0000:00: root bus resource [bus 00-7e]
[    0.871345] pci 0000:00:00.0: [8086:6f00] type 00 class 0x060000
[    0.871458] pci 0000:00:01.0: [8086:6f02] type 01 class 0x060400
[    0.871499] pci 0000:00:01.0: PME# supported from D0 D3hot D3cold
[    0.871574] pci 0000:00:01.0: System wakeup disabled by ACPI
[    0.871607] pci 0000:00:02.0: [8086:6f04] type 01 class 0x060400
[    0.871647] pci 0000:00:02.0: PME# supported from D0 D3hot D3cold
[    0.871718] pci 0000:00:02.0: System wakeup disabled by ACPI
[    0.871751] pci 0000:00:03.0: [8086:6f08] type 01 class 0x060400
[    0.871791] pci 0000:00:03.0: PME# supported from D0 D3hot D3cold
[    0.871861] pci 0000:00:03.0: System wakeup disabled by ACPI
[    0.871892] pci 0000:00:05.0: [8086:6f28] type 00 class 0x088000
[    0.871991] pci 0000:00:05.1: [8086:6f29] type 00 class 0x088000
[    0.872099] pci 0000:00:05.2: [8086:6f2a] type 00 class 0x088000
[    0.872196] pci 0000:00:05.4: [8086:6f2c] type 00 class 0x080020
[    0.872206] pci 0000:00:05.4: reg 0x10: [mem 0xc5207000-0xc5207fff]
[    0.872314] pci 0000:00:11.0: [8086:8d7c] type 00 class 0xff0000
[    0.872484] pci 0000:00:11.4: [8086:8d62] type 00 class 0x010601
[    0.872508] pci 0000:00:11.4: reg 0x10: [io  0x7110-0x7117]
[    0.872516] pci 0000:00:11.4: reg 0x14: [io  0x7100-0x7103]
[    0.872523] pci 0000:00:11.4: reg 0x18: [io  0x70f0-0x70f7]
[    0.872531] pci 0000:00:11.4: reg 0x1c: [io  0x70e0-0x70e3]
[    0.872538] pci 0000:00:11.4: reg 0x20: [io  0x7020-0x703f]
[    0.872546] pci 0000:00:11.4: reg 0x24: [mem 0xc5206000-0xc52067ff]
[    0.872576] pci 0000:00:11.4: PME# supported from D3hot
[    0.872662] pci 0000:00:14.0: [8086:8d31] type 00 class 0x0c0330
[    0.872686] pci 0000:00:14.0: reg 0x10: [mem 0x33ffff00000-0x33ffff0ffff 64bit]
[    0.872734] pci 0000:00:14.0: PME# supported from D3hot D3cold
[    0.872797] pci 0000:00:14.0: System wakeup disabled by ACPI
[    0.872833] pci 0000:00:16.0: [8086:8d3a] type 00 class 0x078000
[    0.872857] pci 0000:00:16.0: reg 0x10: [mem 0xc5205000-0xc520500f 64bit]
[    0.872906] pci 0000:00:16.0: PME# supported from D0 D3hot D3cold
[    0.872986] pci 0000:00:16.1: [8086:8d3b] type 00 class 0x078000
[    0.873010] pci 0000:00:16.1: reg 0x10: [mem 0xc5204000-0xc520400f 64bit]
[    0.873058] pci 0000:00:16.1: PME# supported from D0 D3hot D3cold
[    0.873149] pci 0000:00:1a.0: [8086:8d2d] type 00 class 0x0c0320
[    0.873175] pci 0000:00:1a.0: reg 0x10: [mem 0xc5202000-0xc52023ff]
[    0.873243] pci 0000:00:1a.0: PME# supported from D0 D3hot D3cold
[    0.873305] pci 0000:00:1a.0: System wakeup disabled by ACPI
[    0.873340] pci 0000:00:1c.0: [8086:8d10] type 01 class 0x060400
[    0.873401] pci 0000:00:1c.0: PME# supported from D0 D3hot D3cold
[    0.873455] pci 0000:00:1c.0: System wakeup disabled by ACPI
[    0.873490] pci 0000:00:1c.2: [8086:8d14] type 01 class 0x060400
[    0.873550] pci 0000:00:1c.2: PME# supported from D0 D3hot D3cold
[    0.873604] pci 0000:00:1c.2: System wakeup disabled by ACPI
[    0.873639] pci 0000:00:1c.4: [8086:8d18] type 01 class 0x060400
[    0.873699] pci 0000:00:1c.4: PME# supported from D0 D3hot D3cold
[    0.873754] pci 0000:00:1c.4: System wakeup disabled by ACPI
[    0.873792] pci 0000:00:1d.0: [8086:8d26] type 00 class 0x0c0320
[    0.873818] pci 0000:00:1d.0: reg 0x10: [mem 0xc5201000-0xc52013ff]
[    0.873887] pci 0000:00:1d.0: PME# supported from D0 D3hot D3cold
[    0.873949] pci 0000:00:1d.0: System wakeup disabled by ACPI
[    0.873985] pci 0000:00:1f.0: [8086:8d44] type 00 class 0x060100
[    0.874154] pci 0000:00:1f.2: [8086:8d02] type 00 class 0x010601
[    0.874174] pci 0000:00:1f.2: reg 0x10: [io  0x7070-0x7077]
[    0.874181] pci 0000:00:1f.2: reg 0x14: [io  0x7060-0x7063]
[    0.874187] pci 0000:00:1f.2: reg 0x18: [io  0x7050-0x7057]
[    0.874194] pci 0000:00:1f.2: reg 0x1c: [io  0x7040-0x7043]
[    0.874200] pci 0000:00:1f.2: reg 0x20: [io  0x7000-0x701f]
[    0.874207] pci 0000:00:1f.2: reg 0x24: [mem 0xc5200000-0xc52007ff]
[    0.874232] pci 0000:00:1f.2: PME# supported from D3hot
[    0.874309] pci 0000:00:1f.3: [8086:8d22] type 00 class 0x0c0500
[    0.874324] pci 0000:00:1f.3: reg 0x10: [mem 0x33ffff11000-0x33ffff110ff 64bit]
[    0.874343] pci 0000:00:1f.3: reg 0x20: [io  0x0580-0x059f]
[    0.874437] pci 0000:00:1f.6: [8086:8d24] type 00 class 0x118000
[    0.874462] pci 0000:00:1f.6: reg 0x10: [mem 0x33ffff10000-0x33ffff10fff 64bit]
[    0.874714] acpiphp: Slot [9] registered
[    0.874740] pci 0000:01:00.0: [1000:005b] type 00 class 0x010400
[    0.874757] pci 0000:01:00.0: reg 0x10: [io  0x6000-0x60ff]
[    0.874764] pci 0000:01:00.0: reg 0x14: [mem 0xc7360000-0xc7363fff 64bit]
[    0.874771] pci 0000:01:00.0: reg 0x1c: [mem 0xc7300000-0xc733ffff 64bit]
[    0.874780] pci 0000:01:00.0: reg 0x30: [mem 0xc7340000-0xc735ffff pref]
[    0.874806] pci 0000:01:00.0: supports D1 D2
[    0.882654] pci 0000:00:01.0: PCI bridge to [bus 01]
[    0.882662] pci 0000:00:01.0:   bridge window [io  0x6000-0x6fff]
[    0.882666] pci 0000:00:01.0:   bridge window [mem 0xc7300000-0xc73fffff]
[    0.882912] pci 0000:02:00.0: [10b5:8747] type 01 class 0x060400
[    0.882929] pci 0000:02:00.0: reg 0x10: [mem 0xc5100000-0xc513ffff]
[    0.882978] pci 0000:02:00.0: PME# supported from D0 D3hot D3cold
[    0.890649] pci 0000:00:02.0: PCI bridge to [bus 02-08]
[    0.890654] pci 0000:00:02.0:   bridge window [mem 0xc3000000-0xc51fffff]
[    0.890657] pci 0000:00:02.0:   bridge window [mem 0x33000000000-0x33c01ffffff 64bit pref]
[    0.890700] pci 0000:03:08.0: [10b5:8747] type 01 class 0x060400
[    0.890765] pci 0000:03:08.0: PME# supported from D0 D3hot D3cold
[    0.890817] pci 0000:03:10.0: [10b5:8747] type 01 class 0x060400
[    0.890850] pci 0000:03:10.0: Max Payload Size set to 256 (was 128, max 2048)
[    0.890886] pci 0000:03:10.0: PME# supported from D0 D3hot D3cold
[    0.890936] pci 0000:02:00.0: PCI bridge to [bus 03-08]
[    0.890943] pci 0000:02:00.0:   bridge window [mem 0xc3000000-0xc50fffff]
[    0.890947] pci 0000:02:00.0:   bridge window [mem 0x33000000000-0x33c01ffffff 64bit pref]
[    0.890984] pci 0000:04:00.0: [10b5:8747] type 01 class 0x060400
[    0.891006] pci 0000:04:00.0: reg 0x10: [mem 0xc5000000-0xc503ffff]
[    0.891075] pci 0000:04:00.0: PME# supported from D0 D3hot D3cold
[    0.898660] pci 0000:03:08.0: PCI bridge to [bus 04-07]
[    0.898667] pci 0000:03:08.0:   bridge window [mem 0xc3000000-0xc50fffff]
[    0.898671] pci 0000:03:08.0:   bridge window [mem 0x33000000000-0x33c01ffffff 64bit pref]
[    0.898722] pci 0000:05:08.0: [10b5:8747] type 01 class 0x060400
[    0.898813] pci 0000:05:08.0: PME# supported from D0 D3hot D3cold
[    0.898876] pci 0000:05:10.0: [10b5:8747] type 01 class 0x060400
[    0.898967] pci 0000:05:10.0: PME# supported from D0 D3hot D3cold
[    0.899028] pci 0000:04:00.0: PCI bridge to [bus 05-07]
[    0.899036] pci 0000:04:00.0:   bridge window [mem 0xc3000000-0xc4ffffff]
[    0.899041] pci 0000:04:00.0:   bridge window [mem 0x33000000000-0x33c01ffffff 64bit pref]
[    0.899087] pci 0000:06:00.0: [10de:102d] type 00 class 0x030200
[    0.899112] pci 0000:06:00.0: reg 0x10: [mem 0xc4000000-0xc4ffffff]
[    0.899125] pci 0000:06:00.0: reg 0x14: [mem 0x33800000000-0x33bffffffff 64bit pref]
[    0.899138] pci 0000:06:00.0: reg 0x1c: [mem 0x33c00000000-0x33c01ffffff 64bit pref]
[    0.906674] pci 0000:05:08.0: PCI bridge to [bus 06]
[    0.906688] pci 0000:05:08.0:   bridge window [mem 0xc4000000-0xc4ffffff]
[    0.906695] pci 0000:05:08.0:   bridge window [mem 0x33800000000-0x33c01ffffff 64bit pref]
[    0.906768] pci 0000:07:00.0: [10de:102d] type 00 class 0x030200
[    0.906800] pci 0000:07:00.0: reg 0x10: [mem 0xc3000000-0xc3ffffff]
[    0.906817] pci 0000:07:00.0: reg 0x14: [mem 0x33000000000-0x333ffffffff 64bit pref]
[    0.906834] pci 0000:07:00.0: reg 0x1c: [mem 0x33400000000-0x33401ffffff 64bit pref]
[    0.914677] pci 0000:05:10.0: PCI bridge to [bus 07]
[    0.914691] pci 0000:05:10.0:   bridge window [mem 0xc3000000-0xc3ffffff]
[    0.914699] pci 0000:05:10.0:   bridge window [mem 0x33000000000-0x33401ffffff 64bit pref]
[    0.914768] pci 0000:03:10.0: PCI bridge to [bus 08]
[    0.914927] pci 0000:09:00.0: [10b5:8747] type 01 class 0x060400
[    0.914943] pci 0000:09:00.0: reg 0x10: [mem 0xc2100000-0xc213ffff]
[    0.914992] pci 0000:09:00.0: PME# supported from D0 D3hot D3cold
[    0.922679] pci 0000:00:03.0: PCI bridge to [bus 09-0f]
[    0.922688] pci 0000:00:03.0:   bridge window [mem 0xc0000000-0xc21fffff]
[    0.922694] pci 0000:00:03.0:   bridge window [mem 0x32000000000-0x32c01ffffff 64bit pref]
[    0.922761] pci 0000:0a:08.0: [10b5:8747] type 01 class 0x060400
[    0.922809] pci 0000:0a:08.0: Max Payload Size set to 256 (was 128, max 2048)
[    0.922876] pci 0000:0a:08.0: PME# supported from D0 D3hot D3cold
[    0.922927] pci 0000:0a:10.0: [10b5:8747] type 01 class 0x060400
[    0.922992] pci 0000:0a:10.0: PME# supported from D0 D3hot D3cold
[    0.923040] pci 0000:09:00.0: PCI bridge to [bus 0a-0f]
[    0.923047] pci 0000:09:00.0:   bridge window [mem 0xc0000000-0xc20fffff]
[    0.923051] pci 0000:09:00.0:   bridge window [mem 0x32000000000-0x32c01ffffff 64bit pref]
[    0.923080] pci 0000:0a:08.0: PCI bridge to [bus 0b]
[    0.923125] pci 0000:0c:00.0: [10b5:8747] type 01 class 0x060400
[    0.923147] pci 0000:0c:00.0: reg 0x10: [mem 0xc2000000-0xc203ffff]
[    0.923217] pci 0000:0c:00.0: PME# supported from D0 D3hot D3cold
[    0.930701] pci 0000:0a:10.0: PCI bridge to [bus 0c-0f]
[    0.930709] pci 0000:0a:10.0:   bridge window [mem 0xc0000000-0xc20fffff]
[    0.930712] pci 0000:0a:10.0:   bridge window [mem 0x32000000000-0x32c01ffffff 64bit pref]
[    0.930763] pci 0000:0d:08.0: [10b5:8747] type 01 class 0x060400
[    0.930855] pci 0000:0d:08.0: PME# supported from D0 D3hot D3cold
[    0.930918] pci 0000:0d:10.0: [10b5:8747] type 01 class 0x060400
[    0.931009] pci 0000:0d:10.0: PME# supported from D0 D3hot D3cold
[    0.931071] pci 0000:0c:00.0: PCI bridge to [bus 0d-0f]
[    0.931079] pci 0000:0c:00.0:   bridge window [mem 0xc0000000-0xc1ffffff]
[    0.931084] pci 0000:0c:00.0:   bridge window [mem 0x32000000000-0x32c01ffffff 64bit pref]
[    0.931129] pci 0000:0e:00.0: [10de:102d] type 00 class 0x030200
[    0.931154] pci 0000:0e:00.0: reg 0x10: [mem 0xc1000000-0xc1ffffff]
[    0.931167] pci 0000:0e:00.0: reg 0x14: [mem 0x32800000000-0x32bffffffff 64bit pref]
[    0.931180] pci 0000:0e:00.0: reg 0x1c: [mem 0x32c00000000-0x32c01ffffff 64bit pref]
[    0.938695] pci 0000:0d:08.0: PCI bridge to [bus 0e]
[    0.938708] pci 0000:0d:08.0:   bridge window [mem 0xc1000000-0xc1ffffff]
[    0.938716] pci 0000:0d:08.0:   bridge window [mem 0x32800000000-0x32c01ffffff 64bit pref]
[    0.938786] pci 0000:0f:00.0: [10de:102d] type 00 class 0x030200
[    0.938818] pci 0000:0f:00.0: reg 0x10: [mem 0xc0000000-0xc0ffffff]
[    0.938851] pci 0000:0f:00.0: reg 0x14: [mem 0x32000000000-0x323ffffffff 64bit pref]
[    0.938864] pci 0000:0f:00.0: reg 0x1c: [mem 0x32400000000-0x32401ffffff 64bit pref]
[    0.946700] pci 0000:0d:10.0: PCI bridge to [bus 0f]
[    0.946713] pci 0000:0d:10.0:   bridge window [mem 0xc0000000-0xc0ffffff]
[    0.946722] pci 0000:0d:10.0:   bridge window [mem 0x32000000000-0x32401ffffff 64bit pref]
[    0.946810] pci 0000:00:1c.0: PCI bridge to [bus 10]
[    0.946922] pci 0000:11:00.0: [1a03:1150] type 01 class 0x060400
[    0.947042] pci 0000:11:00.0: supports D1 D2
[    0.947043] pci 0000:11:00.0: PME# supported from D0 D1 D2 D3hot D3cold
[    0.954705] pci 0000:00:1c.2: PCI bridge to [bus 11-12]
[    0.954714] pci 0000:00:1c.2:   bridge window [io  0x5000-0x5fff]
[    0.954718] pci 0000:00:1c.2:   bridge window [mem 0xc6000000-0xc70fffff]
[    0.954821] pci 0000:12:00.0: [1a03:2000] type 00 class 0x030000
[    0.954871] pci 0000:12:00.0: reg 0x10: [mem 0xc6000000-0xc6ffffff]
[    0.954887] pci 0000:12:00.0: reg 0x14: [mem 0xc7000000-0xc701ffff]
[    0.954904] pci 0000:12:00.0: reg 0x18: [io  0x5000-0x507f]
[    0.955007] pci 0000:12:00.0: supports D1 D2
[    0.955010] pci 0000:12:00.0: PME# supported from D0 D1 D2 D3hot D3cold
[    0.955038] pci 0000:12:00.0: System wakeup disabled by ACPI
[    0.955150] pci 0000:11:00.0: PCI bridge to [bus 12]
[    0.955160] pci 0000:11:00.0:   bridge window [io  0x5000-0x5fff]
[    0.955165] pci 0000:11:00.0:   bridge window [mem 0xc6000000-0xc70fffff]
[    0.955241] pci 0000:13:00.0: [8086:1521] type 00 class 0x020000
[    0.955276] pci 0000:13:00.0: reg 0x10: [mem 0xc7220000-0xc723ffff]
[    0.955296] pci 0000:13:00.0: reg 0x18: [io  0x4020-0x403f]
[    0.955307] pci 0000:13:00.0: reg 0x1c: [mem 0xc7244000-0xc7247fff]
[    0.955398] pci 0000:13:00.0: PME# supported from D0 D3hot D3cold
[    0.955434] pci 0000:13:00.0: reg 0x184: [mem 0x00000000-0x00003fff 64bit pref]
[    0.955437] pci 0000:13:00.0: VF(n) BAR0 space: [mem 0x00000000-0x0001ffff 64bit pref] (contains BAR0 for 8 VFs)
[    0.955463] pci 0000:13:00.0: reg 0x190: [mem 0x00000000-0x00003fff 64bit pref]
[    0.955465] pci 0000:13:00.0: VF(n) BAR3 space: [mem 0x00000000-0x0001ffff 64bit pref] (contains BAR3 for 8 VFs)
[    0.955533] pci 0000:13:00.0: System wakeup disabled by ACPI
[    0.955577] pci 0000:13:00.1: [8086:1521] type 00 class 0x020000
[    0.955612] pci 0000:13:00.1: reg 0x10: [mem 0xc7200000-0xc721ffff]
[    0.955632] pci 0000:13:00.1: reg 0x18: [io  0x4000-0x401f]
[    0.955643] pci 0000:13:00.1: reg 0x1c: [mem 0xc7240000-0xc7243fff]
[    0.955730] pci 0000:13:00.1: PME# supported from D0 D3hot D3cold
[    0.955765] pci 0000:13:00.1: reg 0x184: [mem 0x00000000-0x00003fff 64bit pref]
[    0.955767] pci 0000:13:00.1: VF(n) BAR0 space: [mem 0x00000000-0x0001ffff 64bit pref] (contains BAR0 for 8 VFs)
[    0.955794] pci 0000:13:00.1: reg 0x190: [mem 0x00000000-0x00003fff 64bit pref]
[    0.955795] pci 0000:13:00.1: VF(n) BAR3 space: [mem 0x00000000-0x0001ffff 64bit pref] (contains BAR3 for 8 VFs)
[    0.962714] pci 0000:00:1c.4: PCI bridge to [bus 13]
[    0.962722] pci 0000:00:1c.4:   bridge window [io  0x4000-0x4fff]
[    0.962727] pci 0000:00:1c.4:   bridge window [mem 0xc7200000-0xc72fffff]
[    0.962734] pci 0000:00:1c.4: bridge has subordinate 13 but max busn 14
[    0.962775] pci_bus 0000:00: on NUMA node 0
[    0.963643] ACPI: PCI Root Bridge [PCI1] (domain 0000 [bus 80-fe])
[    0.963649] acpi PNP0A08:01: _OSC: OS supports [ExtendedConfig ASPM ClockPM Segments MSI]
[    0.964188] acpi PNP0A08:01: _OSC: OS now controls [PCIeHotplug PME AER PCIeCapability]
[    0.964193] acpi PNP0A08:01: FADT indicates ASPM is unsupported, using BIOS configuration
[    0.964348] PCI host bridge to bus 0000:80
[    0.964352] pci_bus 0000:80: root bus resource [io  0x8000-0xffff window]
[    0.964357] pci_bus 0000:80: root bus resource [mem 0xc8000000-0xfbffbfff window]
[    0.964362] pci_bus 0000:80: root bus resource [mem 0x34000000000-0x37fffffffff window]
[    0.964367] pci_bus 0000:80: root bus resource [bus 80-fe]
[    0.964378] pci 0000:80:02.0: [8086:6f04] type 01 class 0x060400
[    0.964426] pci 0000:80:02.0: PME# supported from D0 D3hot D3cold
[    0.964482] pci 0000:80:02.0: System wakeup disabled by ACPI
[    0.964519] pci 0000:80:03.0: [8086:6f08] type 01 class 0x060400
[    0.964564] pci 0000:80:03.0: PME# supported from D0 D3hot D3cold
[    0.964620] pci 0000:80:03.0: System wakeup disabled by ACPI
[    0.964655] pci 0000:80:05.0: [8086:6f28] type 00 class 0x088000
[    0.964738] pci 0000:80:05.1: [8086:6f29] type 00 class 0x088000
[    0.964832] pci 0000:80:05.2: [8086:6f2a] type 00 class 0x088000
[    0.964913] pci 0000:80:05.4: [8086:6f2c] type 00 class 0x080020
[    0.964925] pci 0000:80:05.4: reg 0x10: [mem 0xfb200000-0xfb200fff]
[    0.965160] pci 0000:81:00.0: [10b5:8747] type 01 class 0x060400
[    0.965177] pci 0000:81:00.0: reg 0x10: [mem 0xfb100000-0xfb13ffff]
[    0.965231] pci 0000:81:00.0: PME# supported from D0 D3hot D3cold
[    0.970709] pci 0000:80:02.0: PCI bridge to [bus 81-87]
[    0.970715] pci 0000:80:02.0:   bridge window [mem 0xf9000000-0xfb1fffff]
[    0.970718] pci 0000:80:02.0:   bridge window [mem 0x37000000000-0x37c01ffffff 64bit pref]
[    0.970764] pci 0000:82:08.0: [10b5:8747] type 01 class 0x060400
[    0.970800] pci 0000:82:08.0: Max Payload Size set to 256 (was 128, max 2048)
[    0.970842] pci 0000:82:08.0: PME# supported from D0 D3hot D3cold
[    0.970898] pci 0000:82:10.0: [10b5:8747] type 01 class 0x060400
[    0.970969] pci 0000:82:10.0: PME# supported from D0 D3hot D3cold
[    0.971021] pci 0000:81:00.0: PCI bridge to [bus 82-87]
[    0.971028] pci 0000:81:00.0:   bridge window [mem 0xf9000000-0xfb0fffff]
[    0.971032] pci 0000:81:00.0:   bridge window [mem 0x37000000000-0x37c01ffffff 64bit pref]
[    0.971064] pci 0000:82:08.0: PCI bridge to [bus 83]
[    0.971113] pci 0000:84:00.0: [10b5:8747] type 01 class 0x060400
[    0.971136] pci 0000:84:00.0: reg 0x10: [mem 0xfb000000-0xfb03ffff]
[    0.971210] pci 0000:84:00.0: PME# supported from D0 D3hot D3cold
[    1.040502] pci 0000:82:10.0: PCI bridge to [bus 84-87]
[    1.040510] pci 0000:82:10.0:   bridge window [mem 0xf9000000-0xfb0fffff]
[    1.040514] pci 0000:82:10.0:   bridge window [mem 0x37000000000-0x37c01ffffff 64bit pref]
[    1.040570] pci 0000:85:08.0: [10b5:8747] type 01 class 0x060400
[    1.040668] pci 0000:85:08.0: PME# supported from D0 D3hot D3cold
[    1.040733] pci 0000:85:10.0: [10b5:8747] type 01 class 0x060400
[    1.040829] pci 0000:85:10.0: PME# supported from D0 D3hot D3cold
[    1.040890] pci 0000:84:00.0: PCI bridge to [bus 85-87]
[    1.040899] pci 0000:84:00.0:   bridge window [mem 0xf9000000-0xfaffffff]
[    1.040904] pci 0000:84:00.0:   bridge window [mem 0x37000000000-0x37c01ffffff 64bit pref]
[    1.040951] pci 0000:86:00.0: [10de:102d] type 00 class 0x030200
[    1.040977] pci 0000:86:00.0: reg 0x10: [mem 0xfa000000-0xfaffffff]
[    1.040991] pci 0000:86:00.0: reg 0x14: [mem 0x37800000000-0x37bffffffff 64bit pref]
[    1.041004] pci 0000:86:00.0: reg 0x1c: [mem 0x37c00000000-0x37c01ffffff 64bit pref]
[    1.048518] pci 0000:85:08.0: PCI bridge to [bus 86]
[    1.048534] pci 0000:85:08.0:   bridge window [mem 0xfa000000-0xfaffffff]
[    1.048541] pci 0000:85:08.0:   bridge window [mem 0x37800000000-0x37c01ffffff 64bit pref]
[    1.048612] pci 0000:87:00.0: [10de:102d] type 00 class 0x030200
[    1.048645] pci 0000:87:00.0: reg 0x10: [mem 0xf9000000-0xf9ffffff]
[    1.048662] pci 0000:87:00.0: reg 0x14: [mem 0x37000000000-0x373ffffffff 64bit pref]
[    1.048680] pci 0000:87:00.0: reg 0x1c: [mem 0x37400000000-0x37401ffffff 64bit pref]
[    1.056536] pci 0000:85:10.0: PCI bridge to [bus 87]
[    1.056545] pci 0000:85:10.0:   bridge window [mem 0xf9000000-0xf9ffffff]
[    1.056550] pci 0000:85:10.0:   bridge window [mem 0x37000000000-0x37401ffffff 64bit pref]
[    1.056721] pci 0000:88:00.0: [10b5:8747] type 01 class 0x060400
[    1.056738] pci 0000:88:00.0: reg 0x10: [mem 0xf8100000-0xf813ffff]
[    1.056790] pci 0000:88:00.0: PME# supported from D0 D3hot D3cold
[    1.064523] pci 0000:80:03.0: PCI bridge to [bus 88-8e]
[    1.064533] pci 0000:80:03.0:   bridge window [mem 0xf6000000-0xf81fffff]
[    1.064538] pci 0000:80:03.0:   bridge window [mem 0x36000000000-0x36c01ffffff 64bit pref]
[    1.064622] pci 0000:89:08.0: [10b5:8747] type 01 class 0x060400
[    1.064692] pci 0000:89:08.0: PME# supported from D0 D3hot D3cold
[    1.064745] pci 0000:89:10.0: [10b5:8747] type 01 class 0x060400
[    1.064780] pci 0000:89:10.0: Max Payload Size set to 256 (was 128, max 2048)
[    1.064820] pci 0000:89:10.0: PME# supported from D0 D3hot D3cold
[    1.064871] pci 0000:88:00.0: PCI bridge to [bus 89-8e]
[    1.064878] pci 0000:88:00.0:   bridge window [mem 0xf6000000-0xf80fffff]
[    1.064882] pci 0000:88:00.0:   bridge window [mem 0x36000000000-0x36c01ffffff 64bit pref]
[    1.064921] pci 0000:8a:00.0: [10b5:8747] type 01 class 0x060400
[    1.064944] pci 0000:8a:00.0: reg 0x10: [mem 0xf8000000-0xf803ffff]
[    1.065017] pci 0000:8a:00.0: PME# supported from D0 D3hot D3cold
[    1.072529] pci 0000:89:08.0: PCI bridge to [bus 8a-8d]
[    1.072542] pci 0000:89:08.0:   bridge window [mem 0xf6000000-0xf80fffff]
[    1.072549] pci 0000:89:08.0:   bridge window [mem 0x36000000000-0x36c01ffffff 64bit pref]
[    1.072627] pci 0000:8b:08.0: [10b5:8747] type 01 class 0x060400
[    1.072766] pci 0000:8b:08.0: PME# supported from D0 D3hot D3cold
[    1.072831] pci 0000:8b:10.0: [10b5:8747] type 01 class 0x060400
[    1.072927] pci 0000:8b:10.0: PME# supported from D0 D3hot D3cold
[    1.072988] pci 0000:8a:00.0: PCI bridge to [bus 8b-8d]
[    1.072997] pci 0000:8a:00.0:   bridge window [mem 0xf6000000-0xf7ffffff]
[    1.073002] pci 0000:8a:00.0:   bridge window [mem 0x36000000000-0x36c01ffffff 64bit pref]
[    1.073049] pci 0000:8c:00.0: [10de:102d] type 00 class 0x030200
[    1.073076] pci 0000:8c:00.0: reg 0x10: [mem 0xf7000000-0xf7ffffff]
[    1.073090] pci 0000:8c:00.0: reg 0x14: [mem 0x36800000000-0x36bffffffff 64bit pref]
[    1.073103] pci 0000:8c:00.0: reg 0x1c: [mem 0x36c00000000-0x36c01ffffff 64bit pref]
[    1.080549] pci 0000:8b:08.0: PCI bridge to [bus 8c]
[    1.080558] pci 0000:8b:08.0:   bridge window [mem 0xf7000000-0xf7ffffff]
[    1.080564] pci 0000:8b:08.0:   bridge window [mem 0x36800000000-0x36c01ffffff 64bit pref]
[    1.080614] pci 0000:8d:00.0: [10de:102d] type 00 class 0x030200
[    1.080640] pci 0000:8d:00.0: reg 0x10: [mem 0xf6000000-0xf6ffffff]
[    1.080653] pci 0000:8d:00.0: reg 0x14: [mem 0x36000000000-0x363ffffffff 64bit pref]
[    1.080667] pci 0000:8d:00.0: reg 0x1c: [mem 0x36400000000-0x36401ffffff 64bit pref]
[    1.088557] pci 0000:8b:10.0: PCI bridge to [bus 8d]
[    1.088566] pci 0000:8b:10.0:   bridge window [mem 0xf6000000-0xf6ffffff]
[    1.088571] pci 0000:8b:10.0:   bridge window [mem 0x36000000000-0x36401ffffff 64bit pref]
[    1.088617] pci 0000:89:10.0: PCI bridge to [bus 8e]
[    1.088645] pci_bus 0000:80: on NUMA node 1
[    1.088913] ACPI: PCI Interrupt Link [LNKA] (IRQs 3 4 5 6 7 10 *11 12 14 15)
[    1.088959] ACPI: PCI Interrupt Link [LNKB] (IRQs 3 4 *5 6 7 10 11 12 14 15)
[    1.089003] ACPI: PCI Interrupt Link [LNKC] (IRQs 3 4 5 6 10 *11 12 14 15)
[    1.089046] ACPI: PCI Interrupt Link [LNKD] (IRQs 3 4 5 6 *10 11 12 14 15)
[    1.089089] ACPI: PCI Interrupt Link [LNKE] (IRQs 3 4 5 6 7 10 11 12 14 15) *0, disabled.
[    1.089134] ACPI: PCI Interrupt Link [LNKF] (IRQs 3 4 5 6 7 10 11 12 14 15) *0, disabled.
[    1.089179] ACPI: PCI Interrupt Link [LNKG] (IRQs 3 4 5 6 7 10 11 12 14 15) *0, disabled.
[    1.089224] ACPI: PCI Interrupt Link [LNKH] (IRQs 3 4 5 6 7 10 11 12 14 15) *0, disabled.
[    1.089334] ACPI: Enabled 3 GPEs in block 00 to 3F
[    1.089818] vgaarb: setting as boot device: PCI:0000:12:00.0
[    1.089826] vgaarb: device added: PCI:0000:12:00.0,decodes=io+mem,owns=io+mem,locks=none
[    1.089838] vgaarb: loaded
[    1.089841] vgaarb: bridge control possible 0000:12:00.0
[    1.090128] SCSI subsystem initialized
[    1.090252] libata version 3.00 loaded.
[    1.090273] ACPI: bus type USB registered
[    1.090291] usbcore: registered new interface driver usbfs
[    1.090301] usbcore: registered new interface driver hub
[    1.090447] usbcore: registered new device driver usb
[    1.090788] PCI: Using ACPI for IRQ routing
[    1.094538] PCI: pci_cache_line_size set to 64 bytes
[    1.094816] e820: reserve RAM buffer [mem 0x0009a000-0x0009ffff]
[    1.094818] e820: reserve RAM buffer [mem 0x78806000-0x7bffffff]
[    1.094964] NetLabel: Initializing
[    1.094967] NetLabel:  domain hash size = 128
[    1.094969] NetLabel:  protocols = UNLABELED CIPSOv4
[    1.094983] NetLabel:  unlabeled traffic allowed by default
[    1.095051] hpet0: at MMIO 0xfed00000, IRQs 2, 8, 0, 0, 0, 0, 0, 0
[    1.095058] hpet0: 8 comparators, 64-bit 14.318180 MHz counter
[    1.097097] amd_nb: Cannot enumerate AMD northbridges
[    1.097219] clocksource: Switched to clocksource hpet
[    1.104590] AppArmor: AppArmor Filesystem Enabled
[    1.104654] pnp: PnP ACPI init
[    1.104931] pnp 00:00: Plug and Play ACPI device, IDs PNP0b00 (active)
[    1.105124] system 00:01: [io  0x0500-0x057f] has been reserved
[    1.105129] system 00:01: [io  0x0400-0x047f] could not be reserved
[    1.105132] system 00:01: [io  0x0580-0x059f] has been reserved
[    1.105136] system 00:01: [io  0x0600-0x061f] has been reserved
[    1.105139] system 00:01: [io  0x0880-0x0883] has been reserved
[    1.105142] system 00:01: [io  0x0800-0x081f] has been reserved
[    1.105146] system 00:01: [mem 0xfed1c000-0xfed3ffff] has been reserved
[    1.105150] system 00:01: [mem 0xfed45000-0xfed8bfff] has been reserved
[    1.105153] system 00:01: [mem 0xff000000-0xffffffff] has been reserved
[    1.105157] system 00:01: [mem 0xfee00000-0xfeefffff] has been reserved
[    1.105160] system 00:01: [mem 0xfed12000-0xfed1200f] has been reserved
[    1.105164] system 00:01: [mem 0xfed12010-0xfed1201f] has been reserved
[    1.105167] system 00:01: [mem 0xfed1b000-0xfed1bfff] has been reserved
[    1.105172] system 00:01: Plug and Play ACPI device, IDs PNP0c02 (active)
[    1.105276] system 00:02: Plug and Play ACPI device, IDs PNP0c02 (active)
[    1.105440] pnp 00:03: [dma 0 disabled]
[    1.105477] pnp 00:03: Plug and Play ACPI device, IDs PNP0501 (active)
[    1.105625] pnp 00:04: [dma 0 disabled]
[    1.105657] pnp 00:04: Plug and Play ACPI device, IDs PNP0501 (active)
[    1.105818] system 00:05: [io  0x0a00-0x0a1f] has been reserved
[    1.105822] system 00:05: [io  0x0a20-0x0a2f] has been reserved
[    1.105826] system 00:05: [io  0x0a30-0x0a3f] has been reserved
[    1.105830] system 00:05: Plug and Play ACPI device, IDs PNP0c02 (active)
[    1.106364] pnp: PnP ACPI: found 6 devices
[    1.112501] clocksource: acpi_pm: mask: 0xffffff max_cycles: 0xffffff, max_idle_ns: 2085701024 ns
[    1.112530] pci 0000:ff:12.4: BAR 2: no space for [mem size 0x00000040]
[    1.112534] pci 0000:ff:12.4: BAR 2: failed to assign [mem size 0x00000040]
[    1.112538] pci 0000:ff:12.4: BAR 4: no space for [mem size 0x00000040]
[    1.112541] pci 0000:ff:12.4: BAR 4: failed to assign [mem size 0x00000040]
[    1.112544] pci 0000:ff:12.4: BAR 1: no space for [mem size 0x00000010]
[    1.112548] pci 0000:ff:12.4: BAR 1: failed to assign [mem size 0x00000010]
[    1.112551] pci 0000:ff:12.4: BAR 3: no space for [mem size 0x00000010]
[    1.112554] pci 0000:ff:12.4: BAR 3: failed to assign [mem size 0x00000010]
[    1.112557] pci 0000:ff:12.4: BAR 5: no space for [mem size 0x00000010]
[    1.112561] pci 0000:ff:12.4: BAR 5: failed to assign [mem size 0x00000010]
[    1.112569] pci_bus 0000:ff: Some PCI device resources are unassigned, try booting with pci=realloc
[    1.112585] pci 0000:7f:12.4: BAR 2: no space for [mem size 0x00000040]
[    1.112588] pci 0000:7f:12.4: BAR 2: failed to assign [mem size 0x00000040]
[    1.112592] pci 0000:7f:12.4: BAR 4: no space for [mem size 0x00000040]
[    1.112595] pci 0000:7f:12.4: BAR 4: failed to assign [mem size 0x00000040]
[    1.112598] pci 0000:7f:12.4: BAR 1: no space for [mem size 0x00000010]
[    1.112601] pci 0000:7f:12.4: BAR 1: failed to assign [mem size 0x00000010]
[    1.112605] pci 0000:7f:12.4: BAR 3: no space for [mem size 0x00000010]
[    1.112608] pci 0000:7f:12.4: BAR 3: failed to assign [mem size 0x00000010]
[    1.112611] pci 0000:7f:12.4: BAR 5: no space for [mem size 0x00000010]
[    1.112614] pci 0000:7f:12.4: BAR 5: failed to assign [mem size 0x00000010]
[    1.112622] pci_bus 0000:7f: Some PCI device resources are unassigned, try booting with pci=realloc
[    1.112631] pci_bus 0000:00: max bus depth: 5 pci_try_num: 6
[    1.112750] pci 0000:00:1c.0: BAR 14: assigned [mem 0x90000000-0x901fffff]
[    1.112756] pci 0000:00:1c.0: BAR 15: assigned [mem 0x30000000000-0x300001fffff 64bit pref]
[    1.112763] pci 0000:00:1c.4: BAR 15: assigned [mem 0x30000200000-0x300002fffff 64bit pref]
[    1.112769] pci 0000:00:1c.0: BAR 13: assigned [io  0x1000-0x1fff]
[    1.112773] pci 0000:00:01.0: PCI bridge to [bus 01]
[    1.112777] pci 0000:00:01.0:   bridge window [io  0x6000-0x6fff]
[    1.112782] pci 0000:00:01.0:   bridge window [mem 0xc7300000-0xc73fffff]
[    1.112790] pci 0000:05:08.0: PCI bridge to [bus 06]
[    1.112796] pci 0000:05:08.0:   bridge window [mem 0xc4000000-0xc4ffffff]
[    1.112801] pci 0000:05:08.0:   bridge window [mem 0x33800000000-0x33c01ffffff 64bit pref]
[    1.112810] pci 0000:05:10.0: PCI bridge to [bus 07]
[    1.112815] pci 0000:05:10.0:   bridge window [mem 0xc3000000-0xc3ffffff]
[    1.112821] pci 0000:05:10.0:   bridge window [mem 0x33000000000-0x33401ffffff 64bit pref]
[    1.112829] pci 0000:04:00.0: PCI bridge to [bus 05-07]
[    1.112835] pci 0000:04:00.0:   bridge window [mem 0xc3000000-0xc4ffffff]
[    1.112840] pci 0000:04:00.0:   bridge window [mem 0x33000000000-0x33c01ffffff 64bit pref]
[    1.112848] pci 0000:03:08.0: PCI bridge to [bus 04-07]
[    1.112854] pci 0000:03:08.0:   bridge window [mem 0xc3000000-0xc50fffff]
[    1.112858] pci 0000:03:08.0:   bridge window [mem 0x33000000000-0x33c01ffffff 64bit pref]
[    1.112866] pci 0000:03:10.0: PCI bridge to [bus 08]
[    1.112875] pci 0000:02:00.0: PCI bridge to [bus 03-08]
[    1.112880] pci 0000:02:00.0:   bridge window [mem 0xc3000000-0xc50fffff]
[    1.112885] pci 0000:02:00.0:   bridge window [mem 0x33000000000-0x33c01ffffff 64bit pref]
[    1.112892] pci 0000:00:02.0: PCI bridge to [bus 02-08]
[    1.112897] pci 0000:00:02.0:   bridge window [mem 0xc3000000-0xc51fffff]
[    1.112901] pci 0000:00:02.0:   bridge window [mem 0x33000000000-0x33c01ffffff 64bit pref]
[    1.112908] pci 0000:0a:08.0: PCI bridge to [bus 0b]
[    1.112918] pci 0000:0d:08.0: PCI bridge to [bus 0e]
[    1.112924] pci 0000:0d:08.0:   bridge window [mem 0xc1000000-0xc1ffffff]
[    1.112929] pci 0000:0d:08.0:   bridge window [mem 0x32800000000-0x32c01ffffff 64bit pref]
[    1.112937] pci 0000:0d:10.0: PCI bridge to [bus 0f]
[    1.112943] pci 0000:0d:10.0:   bridge window [mem 0xc0000000-0xc0ffffff]
[    1.112948] pci 0000:0d:10.0:   bridge window [mem 0x32000000000-0x32401ffffff 64bit pref]
[    1.112957] pci 0000:0c:00.0: PCI bridge to [bus 0d-0f]
[    1.112962] pci 0000:0c:00.0:   bridge window [mem 0xc0000000-0xc1ffffff]
[    1.112968] pci 0000:0c:00.0:   bridge window [mem 0x32000000000-0x32c01ffffff 64bit pref]
[    1.112976] pci 0000:0a:10.0: PCI bridge to [bus 0c-0f]
[    1.112981] pci 0000:0a:10.0:   bridge window [mem 0xc0000000-0xc20fffff]
[    1.112986] pci 0000:0a:10.0:   bridge window [mem 0x32000000000-0x32c01ffffff 64bit pref]
[    1.112993] pci 0000:09:00.0: PCI bridge to [bus 0a-0f]
[    1.112998] pci 0000:09:00.0:   bridge window [mem 0xc0000000-0xc20fffff]
[    1.113003] pci 0000:09:00.0:   bridge window [mem 0x32000000000-0x32c01ffffff 64bit pref]
[    1.113010] pci 0000:00:03.0: PCI bridge to [bus 09-0f]
[    1.113014] pci 0000:00:03.0:   bridge window [mem 0xc0000000-0xc21fffff]
[    1.113019] pci 0000:00:03.0:   bridge window [mem 0x32000000000-0x32c01ffffff 64bit pref]
[    1.113026] pci 0000:00:1c.0: PCI bridge to [bus 10]
[    1.113030] pci 0000:00:1c.0:   bridge window [io  0x1000-0x1fff]
[    1.113036] pci 0000:00:1c.0:   bridge window [mem 0x90000000-0x901fffff]
[    1.113041] pci 0000:00:1c.0:   bridge window [mem 0x30000000000-0x300001fffff 64bit pref]
[    1.113050] pci 0000:11:00.0: PCI bridge to [bus 12]
[    1.113054] pci 0000:11:00.0:   bridge window [io  0x5000-0x5fff]
[    1.113062] pci 0000:11:00.0:   bridge window [mem 0xc6000000-0xc70fffff]
[    1.113075] pci 0000:00:1c.2: PCI bridge to [bus 11-12]
[    1.113079] pci 0000:00:1c.2:   bridge window [io  0x5000-0x5fff]
[    1.113085] pci 0000:00:1c.2:   bridge window [mem 0xc6000000-0xc70fffff]
[    1.113095] pci 0000:13:00.0: BAR 7: assigned [mem 0x30000200000-0x3000021ffff 64bit pref]
[    1.113105] pci 0000:13:00.0: BAR 10: assigned [mem 0x30000220000-0x3000023ffff 64bit pref]
[    1.113114] pci 0000:13:00.1: BAR 7: assigned [mem 0x30000240000-0x3000025ffff 64bit pref]
[    1.113123] pci 0000:13:00.1: BAR 10: assigned [mem 0x30000260000-0x3000027ffff 64bit pref]
[    1.113131] pci 0000:00:1c.4: PCI bridge to [bus 13]
[    1.113135] pci 0000:00:1c.4:   bridge window [io  0x4000-0x4fff]
[    1.113141] pci 0000:00:1c.4:   bridge window [mem 0xc7200000-0xc72fffff]
[    1.113146] pci 0000:00:1c.4:   bridge window [mem 0x30000200000-0x300002fffff 64bit pref]
[    1.113155] pci_bus 0000:00: resource 4 [io  0x0000-0x0cf7 window]
[    1.113156] pci_bus 0000:00: resource 5 [io  0x1000-0x7fff window]
[    1.113158] pci_bus 0000:00: resource 6 [mem 0x000a0000-0x000bffff window]
[    1.113159] pci_bus 0000:00: resource 7 [mem 0x90000000-0xc7ffbfff window]
[    1.113161] pci_bus 0000:00: resource 8 [mem 0x30000000000-0x33fffffffff window]
[    1.113162] pci_bus 0000:01: resource 0 [io  0x6000-0x6fff]
[    1.113163] pci_bus 0000:01: resource 1 [mem 0xc7300000-0xc73fffff]
[    1.113165] pci_bus 0000:02: resource 1 [mem 0xc3000000-0xc51fffff]
[    1.113166] pci_bus 0000:02: resource 2 [mem 0x33000000000-0x33c01ffffff 64bit pref]
[    1.113167] pci_bus 0000:03: resource 1 [mem 0xc3000000-0xc50fffff]
[    1.113169] pci_bus 0000:03: resource 2 [mem 0x33000000000-0x33c01ffffff 64bit pref]
[    1.113170] pci_bus 0000:04: resource 1 [mem 0xc3000000-0xc50fffff]
[    1.113171] pci_bus 0000:04: resource 2 [mem 0x33000000000-0x33c01ffffff 64bit pref]
[    1.113173] pci_bus 0000:05: resource 1 [mem 0xc3000000-0xc4ffffff]
[    1.113174] pci_bus 0000:05: resource 2 [mem 0x33000000000-0x33c01ffffff 64bit pref]
[    1.113175] pci_bus 0000:06: resource 1 [mem 0xc4000000-0xc4ffffff]
[    1.113177] pci_bus 0000:06: resource 2 [mem 0x33800000000-0x33c01ffffff 64bit pref]
[    1.113178] pci_bus 0000:07: resource 1 [mem 0xc3000000-0xc3ffffff]
[    1.113184] pci_bus 0000:07: resource 2 [mem 0x33000000000-0x33401ffffff 64bit pref]
[    1.113186] pci_bus 0000:09: resource 1 [mem 0xc0000000-0xc21fffff]
[    1.113187] pci_bus 0000:09: resource 2 [mem 0x32000000000-0x32c01ffffff 64bit pref]
[    1.113188] pci_bus 0000:0a: resource 1 [mem 0xc0000000-0xc20fffff]
[    1.113190] pci_bus 0000:0a: resource 2 [mem 0x32000000000-0x32c01ffffff 64bit pref]
[    1.113191] pci_bus 0000:0c: resource 1 [mem 0xc0000000-0xc20fffff]
[    1.113192] pci_bus 0000:0c: resource 2 [mem 0x32000000000-0x32c01ffffff 64bit pref]
[    1.113194] pci_bus 0000:0d: resource 1 [mem 0xc0000000-0xc1ffffff]
[    1.113195] pci_bus 0000:0d: resource 2 [mem 0x32000000000-0x32c01ffffff 64bit pref]
[    1.113196] pci_bus 0000:0e: resource 1 [mem 0xc1000000-0xc1ffffff]
[    1.113198] pci_bus 0000:0e: resource 2 [mem 0x32800000000-0x32c01ffffff 64bit pref]
[    1.113199] pci_bus 0000:0f: resource 1 [mem 0xc0000000-0xc0ffffff]
[    1.113201] pci_bus 0000:0f: resource 2 [mem 0x32000000000-0x32401ffffff 64bit pref]
[    1.113202] pci_bus 0000:10: resource 0 [io  0x1000-0x1fff]
[    1.113203] pci_bus 0000:10: resource 1 [mem 0x90000000-0x901fffff]
[    1.113205] pci_bus 0000:10: resource 2 [mem 0x30000000000-0x300001fffff 64bit pref]
[    1.113206] pci_bus 0000:11: resource 0 [io  0x5000-0x5fff]
[    1.113208] pci_bus 0000:11: resource 1 [mem 0xc6000000-0xc70fffff]
[    1.113209] pci_bus 0000:12: resource 0 [io  0x5000-0x5fff]
[    1.113210] pci_bus 0000:12: resource 1 [mem 0xc6000000-0xc70fffff]
[    1.113212] pci_bus 0000:13: resource 0 [io  0x4000-0x4fff]
[    1.113213] pci_bus 0000:13: resource 1 [mem 0xc7200000-0xc72fffff]
[    1.113214] pci_bus 0000:13: resource 2 [mem 0x30000200000-0x300002fffff 64bit pref]
[    1.113289] pci 0000:82:08.0: PCI bridge to [bus 83]
[    1.113299] pci 0000:85:08.0: PCI bridge to [bus 86]
[    1.113305] pci 0000:85:08.0:   bridge window [mem 0xfa000000-0xfaffffff]
[    1.113310] pci 0000:85:08.0:   bridge window [mem 0x37800000000-0x37c01ffffff 64bit pref]
[    1.113318] pci 0000:85:10.0: PCI bridge to [bus 87]
[    1.113324] pci 0000:85:10.0:   bridge window [mem 0xf9000000-0xf9ffffff]
[    1.113329] pci 0000:85:10.0:   bridge window [mem 0x37000000000-0x37401ffffff 64bit pref]
[    1.113337] pci 0000:84:00.0: PCI bridge to [bus 85-87]
[    1.113343] pci 0000:84:00.0:   bridge window [mem 0xf9000000-0xfaffffff]
[    1.113348] pci 0000:84:00.0:   bridge window [mem 0x37000000000-0x37c01ffffff 64bit pref]
[    1.113356] pci 0000:82:10.0: PCI bridge to [bus 84-87]
[    1.113361] pci 0000:82:10.0:   bridge window [mem 0xf9000000-0xfb0fffff]
[    1.113366] pci 0000:82:10.0:   bridge window [mem 0x37000000000-0x37c01ffffff 64bit pref]
[    1.113373] pci 0000:81:00.0: PCI bridge to [bus 82-87]
[    1.113378] pci 0000:81:00.0:   bridge window [mem 0xf9000000-0xfb0fffff]
[    1.113382] pci 0000:81:00.0:   bridge window [mem 0x37000000000-0x37c01ffffff 64bit pref]
[    1.113389] pci 0000:80:02.0: PCI bridge to [bus 81-87]
[    1.113394] pci 0000:80:02.0:   bridge window [mem 0xf9000000-0xfb1fffff]
[    1.113398] pci 0000:80:02.0:   bridge window [mem 0x37000000000-0x37c01ffffff 64bit pref]
[    1.113406] pci 0000:8b:08.0: PCI bridge to [bus 8c]
[    1.113411] pci 0000:8b:08.0:   bridge window [mem 0xf7000000-0xf7ffffff]
[    1.113416] pci 0000:8b:08.0:   bridge window [mem 0x36800000000-0x36c01ffffff 64bit pref]
[    1.113425] pci 0000:8b:10.0: PCI bridge to [bus 8d]
[    1.113430] pci 0000:8b:10.0:   bridge window [mem 0xf6000000-0xf6ffffff]
[    1.113435] pci 0000:8b:10.0:   bridge window [mem 0x36000000000-0x36401ffffff 64bit pref]
[    1.113443] pci 0000:8a:00.0: PCI bridge to [bus 8b-8d]
[    1.113449] pci 0000:8a:00.0:   bridge window [mem 0xf6000000-0xf7ffffff]
[    1.113454] pci 0000:8a:00.0:   bridge window [mem 0x36000000000-0x36c01ffffff 64bit pref]
[    1.113462] pci 0000:89:08.0: PCI bridge to [bus 8a-8d]
[    1.113467] pci 0000:89:08.0:   bridge window [mem 0xf6000000-0xf80fffff]
[    1.113472] pci 0000:89:08.0:   bridge window [mem 0x36000000000-0x36c01ffffff 64bit pref]
[    1.113479] pci 0000:89:10.0: PCI bridge to [bus 8e]
[    1.113488] pci 0000:88:00.0: PCI bridge to [bus 89-8e]
[    1.113493] pci 0000:88:00.0:   bridge window [mem 0xf6000000-0xf80fffff]
[    1.113498] pci 0000:88:00.0:   bridge window [mem 0x36000000000-0x36c01ffffff 64bit pref]
[    1.113505] pci 0000:80:03.0: PCI bridge to [bus 88-8e]
[    1.113509] pci 0000:80:03.0:   bridge window [mem 0xf6000000-0xf81fffff]
[    1.113513] pci 0000:80:03.0:   bridge window [mem 0x36000000000-0x36c01ffffff 64bit pref]
[    1.113520] pci_bus 0000:80: resource 4 [io  0x8000-0xffff window]
[    1.113522] pci_bus 0000:80: resource 5 [mem 0xc8000000-0xfbffbfff window]
[    1.113523] pci_bus 0000:80: resource 6 [mem 0x34000000000-0x37fffffffff window]
[    1.113524] pci_bus 0000:81: resource 1 [mem 0xf9000000-0xfb1fffff]
[    1.113526] pci_bus 0000:81: resource 2 [mem 0x37000000000-0x37c01ffffff 64bit pref]
[    1.113527] pci_bus 0000:82: resource 1 [mem 0xf9000000-0xfb0fffff]
[    1.113528] pci_bus 0000:82: resource 2 [mem 0x37000000000-0x37c01ffffff 64bit pref]
[    1.113530] pci_bus 0000:84: resource 1 [mem 0xf9000000-0xfb0fffff]
[    1.113531] pci_bus 0000:84: resource 2 [mem 0x37000000000-0x37c01ffffff 64bit pref]
[    1.113532] pci_bus 0000:85: resource 1 [mem 0xf9000000-0xfaffffff]
[    1.113534] pci_bus 0000:85: resource 2 [mem 0x37000000000-0x37c01ffffff 64bit pref]
[    1.113535] pci_bus 0000:86: resource 1 [mem 0xfa000000-0xfaffffff]
[    1.113536] pci_bus 0000:86: resource 2 [mem 0x37800000000-0x37c01ffffff 64bit pref]
[    1.113538] pci_bus 0000:87: resource 1 [mem 0xf9000000-0xf9ffffff]
[    1.113539] pci_bus 0000:87: resource 2 [mem 0x37000000000-0x37401ffffff 64bit pref]
[    1.113540] pci_bus 0000:88: resource 1 [mem 0xf6000000-0xf81fffff]
[    1.113542] pci_bus 0000:88: resource 2 [mem 0x36000000000-0x36c01ffffff 64bit pref]
[    1.113543] pci_bus 0000:89: resource 1 [mem 0xf6000000-0xf80fffff]
[    1.113544] pci_bus 0000:89: resource 2 [mem 0x36000000000-0x36c01ffffff 64bit pref]
[    1.113546] pci_bus 0000:8a: resource 1 [mem 0xf6000000-0xf80fffff]
[    1.113547] pci_bus 0000:8a: resource 2 [mem 0x36000000000-0x36c01ffffff 64bit pref]
[    1.113548] pci_bus 0000:8b: resource 1 [mem 0xf6000000-0xf7ffffff]
[    1.113549] pci_bus 0000:8b: resource 2 [mem 0x36000000000-0x36c01ffffff 64bit pref]
[    1.113551] pci_bus 0000:8c: resource 1 [mem 0xf7000000-0xf7ffffff]
[    1.113552] pci_bus 0000:8c: resource 2 [mem 0x36800000000-0x36c01ffffff 64bit pref]
[    1.113553] pci_bus 0000:8d: resource 1 [mem 0xf6000000-0xf6ffffff]
[    1.113555] pci_bus 0000:8d: resource 2 [mem 0x36000000000-0x36401ffffff 64bit pref]
[    1.113637] NET: Registered protocol family 2
[    1.114238] TCP established hash table entries: 524288 (order: 10, 4194304 bytes)
[    1.114961] TCP bind hash table entries: 65536 (order: 8, 1048576 bytes)
[    1.115137] TCP: Hash tables configured (established 524288 bind 65536)
[    1.115277] UDP hash table entries: 65536 (order: 9, 2097152 bytes)
[    1.115697] UDP-Lite hash table entries: 65536 (order: 9, 2097152 bytes)
[    1.116240] NET: Registered protocol family 1
[    1.157287] PCI: CLS mismatch (64 != 32), using 64 bytes
[    1.157329] pci 0000:12:00.0: Video device with shadowed ROM
[    1.157412] Unpacking initramfs...
[    1.774965] Freeing initrd memory: 42872K
[    1.775152] PCI-DMA: Using software bounce buffering for IO (SWIOTLB)
[    1.775164] software IO TLB [mem 0x74806000-0x78806000] (64MB) mapped at [ffff880074806000-ffff880078805fff]
[    1.775271] Intel CQM monitoring enabled
[    1.775273] Intel MBM enabled
[    1.776751] Scanning for low memory corruption every 60 seconds
[    1.777833] audit: initializing netlink subsys (disabled)
[    1.777854] audit: type=2000 audit(1519464711.484:1): initialized
[    1.778727] Initialise system trusted keyring
[    1.779080] HugeTLB registered 1 GB page size, pre-allocated 0 pages
[    1.779083] HugeTLB registered 2 MB page size, pre-allocated 0 pages
[    1.780394] zbud: loaded
[    1.780644] VFS: Disk quotas dquot_6.6.0
[    1.780697] VFS: Dquot-cache hash table entries: 512 (order 0, 4096 bytes)
[    1.781013] squashfs: version 4.0 (2009/01/31) Phillip Lougher
[    1.781332] fuse init (API version 7.23)
[    1.781485] Key type big_key registered
[    1.781522] Allocating IMA MOK and blacklist keyrings.
[    1.782091] Key type asymmetric registered
[    1.782096] Asymmetric key parser 'x509' registered
[    1.782139] Block layer SCSI generic (bsg) driver version 0.4 loaded (major 249)
[    1.782270] io scheduler noop registered
[    1.782273] io scheduler deadline registered (default)
[    1.782304] io scheduler cfq registered
[    1.786850] aer 0000:00:01.0:pcie02: service driver aer loaded
[    1.786886] aer 0000:00:02.0:pcie02: service driver aer loaded
[    1.786922] aer 0000:00:03.0:pcie02: service driver aer loaded
[    1.786965] aer 0000:80:02.0:pcie02: service driver aer loaded
[    1.787003] aer 0000:80:03.0:pcie02: service driver aer loaded
[    1.787018] pcieport 0000:00:01.0: Signaling PME through PCIe PME interrupt
[    1.787023] pci 0000:01:00.0: Signaling PME through PCIe PME interrupt
[    1.787027] pcie_pme 0000:00:01.0:pcie01: service driver pcie_pme loaded
[    1.787034] pcieport 0000:00:02.0: Signaling PME through PCIe PME interrupt
[    1.787037] pcieport 0000:02:00.0: Signaling PME through PCIe PME interrupt
[    1.787041] pcieport 0000:03:08.0: Signaling PME through PCIe PME interrupt
[    1.787044] pcieport 0000:04:00.0: Signaling PME through PCIe PME interrupt
[    1.787047] pcieport 0000:05:08.0: Signaling PME through PCIe PME interrupt
[    1.787050] pci 0000:06:00.0: Signaling PME through PCIe PME interrupt
[    1.787053] pcieport 0000:05:10.0: Signaling PME through PCIe PME interrupt
[    1.787056] pci 0000:07:00.0: Signaling PME through PCIe PME interrupt
[    1.787059] pcieport 0000:03:10.0: Signaling PME through PCIe PME interrupt
[    1.787063] pcie_pme 0000:00:02.0:pcie01: service driver pcie_pme loaded
[    1.787069] pcieport 0000:00:03.0: Signaling PME through PCIe PME interrupt
[    1.787072] pcieport 0000:09:00.0: Signaling PME through PCIe PME interrupt
[    1.787076] pcieport 0000:0a:08.0: Signaling PME through PCIe PME interrupt
[    1.787079] pcieport 0000:0a:10.0: Signaling PME through PCIe PME interrupt
[    1.787082] pcieport 0000:0c:00.0: Signaling PME through PCIe PME interrupt
[    1.787085] pcieport 0000:0d:08.0: Signaling PME through PCIe PME interrupt
[    1.787088] pci 0000:0e:00.0: Signaling PME through PCIe PME interrupt
[    1.787091] pcieport 0000:0d:10.0: Signaling PME through PCIe PME interrupt
[    1.787094] pci 0000:0f:00.0: Signaling PME through PCIe PME interrupt
[    1.787098] pcie_pme 0000:00:03.0:pcie01: service driver pcie_pme loaded
[    1.787114] pcieport 0000:00:1c.0: Signaling PME through PCIe PME interrupt
[    1.787119] pcie_pme 0000:00:1c.0:pcie01: service driver pcie_pme loaded
[    1.787134] pcieport 0000:00:1c.2: Signaling PME through PCIe PME interrupt
[    1.787137] pci 0000:11:00.0: Signaling PME through PCIe PME interrupt
[    1.787140] pci 0000:12:00.0: Signaling PME through PCIe PME interrupt
[    1.787145] pcie_pme 0000:00:1c.2:pcie01: service driver pcie_pme loaded
[    1.787159] pcieport 0000:00:1c.4: Signaling PME through PCIe PME interrupt
[    1.787162] pci 0000:13:00.0: Signaling PME through PCIe PME interrupt
[    1.787166] pci 0000:13:00.1: Signaling PME through PCIe PME interrupt
[    1.787170] pcie_pme 0000:00:1c.4:pcie01: service driver pcie_pme loaded
[    1.787180] pcieport 0000:80:02.0: Signaling PME through PCIe PME interrupt
[    1.787184] pcieport 0000:81:00.0: Signaling PME through PCIe PME interrupt
[    1.787187] pcieport 0000:82:08.0: Signaling PME through PCIe PME interrupt
[    1.787190] pcieport 0000:82:10.0: Signaling PME through PCIe PME interrupt
[    1.787193] pcieport 0000:84:00.0: Signaling PME through PCIe PME interrupt
[    1.787196] pcieport 0000:85:08.0: Signaling PME through PCIe PME interrupt
[    1.787200] pci 0000:86:00.0: Signaling PME through PCIe PME interrupt
[    1.787203] pcieport 0000:85:10.0: Signaling PME through PCIe PME interrupt
[    1.787206] pci 0000:87:00.0: Signaling PME through PCIe PME interrupt
[    1.787210] pcie_pme 0000:80:02.0:pcie01: service driver pcie_pme loaded
[    1.787218] pcieport 0000:80:03.0: Signaling PME through PCIe PME interrupt
[    1.787222] pcieport 0000:88:00.0: Signaling PME through PCIe PME interrupt
[    1.787225] pcieport 0000:89:08.0: Signaling PME through PCIe PME interrupt
[    1.787228] pcieport 0000:8a:00.0: Signaling PME through PCIe PME interrupt
[    1.787231] pcieport 0000:8b:08.0: Signaling PME through PCIe PME interrupt
[    1.787234] pci 0000:8c:00.0: Signaling PME through PCIe PME interrupt
[    1.787237] pcieport 0000:8b:10.0: Signaling PME through PCIe PME interrupt
[    1.787240] pci 0000:8d:00.0: Signaling PME through PCIe PME interrupt
[    1.787243] pcieport 0000:89:10.0: Signaling PME through PCIe PME interrupt
[    1.787247] pcie_pme 0000:80:03.0:pcie01: service driver pcie_pme loaded
[    1.787254] pci_hotplug: PCI Hot Plug PCI Core version: 0.5
[    1.787267] pciehp 0000:00:1c.0:pcie04: Slot #0 AttnBtn- PwrCtrl- MRL- AttnInd- PwrInd- HotPlug+ Surprise+ Interlock- NoCompl+ LLActRep+
[    1.787404] pciehp 0000:00:1c.0:pcie04: service driver pciehp loaded
[    1.787410] pciehp: PCI Express Hot Plug Controller Driver version: 0.4
[    1.787473] vesafb: mode is 640x480x32, linelength=2560, pages=0
[    1.787475] vesafb: scrolling: redraw
[    1.787478] vesafb: Truecolor: size=8:8:8:8, shift=24:16:8:0
[    1.787493] vesafb: framebuffer at 0xc6000000, mapped to 0xffffc9000d000000, using 1216k, total 1216k
[    1.794160] Console: switching to colour frame buffer device 80x30
[    1.800900] fb0: VESA VGA frame buffer device
[    1.801053] intel_idle: MWAIT substates: 0x2120
[    1.801054] intel_idle: v0.4.1 model 0x4F
[    1.801055] intel_idle: lapic_timer_reliable_states 0xffffffff
[    1.802808] input: Power Button as /devices/LNXSYSTM:00/LNXSYBUS:00/PNP0C0C:00/input/input0
[    1.803067] ACPI: Power Button [PWRB]
[    1.803211] input: Power Button as /devices/LNXSYSTM:00/LNXPWRBN:00/input/input1
[    1.811691] ACPI: Power Button [PWRF]
[    1.823896] ERST: Error Record Serialization Table (ERST) support is initialized.
[    1.832810] pstore: Registered erst as persistent store backend
[    1.837737] GHES: APEI firmware first mode is enabled by APEI bit and WHEA _OSC.
[    1.847076] Serial: 8250/16550 driver, 32 ports, IRQ sharing enabled
[    1.872488] 00:03: ttyS0 at I/O 0x3f8 (irq = 4, base_baud = 115200) is a 16550A
[    1.903193] 00:04: ttyS1 at I/O 0x2f8 (irq = 3, base_baud = 115200) is a 16550A
[    1.915003] Linux agpgart interface v0.103
[    1.929273] loop: module loaded
[    1.934739] libphy: Fixed MDIO Bus: probed
[    1.939806] tun: Universal TUN/TAP device driver, 1.6
[    1.944848] tun: (C) 1999-2004 Max Krasnyansky <maxk@qualcomm.com>
[    1.949929] PPP generic driver version 2.4.2
[    1.954932] ehci_hcd: USB 2.0 'Enhanced' Host Controller (EHCI) Driver
[    1.959928] ehci-pci: EHCI PCI platform driver
[    1.965148] ehci-pci 0000:00:1a.0: EHCI Host Controller
[    1.970149] ehci-pci 0000:00:1a.0: new USB bus registered, assigned bus number 1
[    1.979944] ehci-pci 0000:00:1a.0: debug port 2
[    1.988694] ehci-pci 0000:00:1a.0: cache line size of 64 is not supported
[    1.988705] ehci-pci 0000:00:1a.0: irq 18, io mem 0xc5202000
[    2.005212] ehci-pci 0000:00:1a.0: USB 2.0 started, EHCI 1.00
[    2.009968] usb usb1: New USB device found, idVendor=1d6b, idProduct=0002
[    2.014679] usb usb1: New USB device strings: Mfr=3, Product=2, SerialNumber=1
[    2.023950] usb usb1: Product: EHCI Host Controller
[    2.028563] usb usb1: Manufacturer: Linux 4.4.0-109-generic ehci_hcd
[    2.033251] usb usb1: SerialNumber: 0000:00:1a.0
[    2.038007] hub 1-0:1.0: USB hub found
[    2.042492] hub 1-0:1.0: 2 ports detected
[    2.047095] ehci-pci 0000:00:1d.0: EHCI Host Controller
[    2.051466] ehci-pci 0000:00:1d.0: new USB bus registered, assigned bus number 2
[    2.059981] ehci-pci 0000:00:1d.0: debug port 2
[    2.068098] ehci-pci 0000:00:1d.0: cache line size of 64 is not supported
[    2.068102] ehci-pci 0000:00:1d.0: irq 18, io mem 0xc5201000
[    2.081231] ehci-pci 0000:00:1d.0: USB 2.0 started, EHCI 1.00
[    2.085324] usb usb2: New USB device found, idVendor=1d6b, idProduct=0002
[    2.089401] usb usb2: New USB device strings: Mfr=3, Product=2, SerialNumber=1
[    2.097481] usb usb2: Product: EHCI Host Controller
[    2.101652] usb usb2: Manufacturer: Linux 4.4.0-109-generic ehci_hcd
[    2.105890] usb usb2: SerialNumber: 0000:00:1d.0
[    2.110195] hub 2-0:1.0: USB hub found
[    2.114287] hub 2-0:1.0: 2 ports detected
[    2.118431] ehci-platform: EHCI generic platform driver
[    2.122443] ohci_hcd: USB 1.1 'Open' Host Controller (OHCI) Driver
[    2.126509] ohci-pci: OHCI PCI platform driver
[    2.130580] ohci-platform: OHCI generic platform driver
[    2.134562] uhci_hcd: USB Universal Host Controller Interface driver
[    2.138821] xhci_hcd 0000:00:14.0: xHCI Host Controller
[    2.142912] xhci_hcd 0000:00:14.0: new USB bus registered, assigned bus number 3
[    2.152135] xhci_hcd 0000:00:14.0: hcc params 0x200077c1 hci version 0x100 quirks 0x00009810
[    2.160481] xhci_hcd 0000:00:14.0: cache line size of 64 is not supported
[    2.160553] usb usb3: New USB device found, idVendor=1d6b, idProduct=0002
[    2.164868] usb usb3: New USB device strings: Mfr=3, Product=2, SerialNumber=1
[    2.173335] usb usb3: Product: xHCI Host Controller
[    2.177682] usb usb3: Manufacturer: Linux 4.4.0-109-generic xhci-hcd
[    2.182138] usb usb3: SerialNumber: 0000:00:14.0
[    2.186656] hub 3-0:1.0: USB hub found
[    2.191040] hub 3-0:1.0: 15 ports detected
[    2.196206] xhci_hcd 0000:00:14.0: xHCI Host Controller
[    2.200493] xhci_hcd 0000:00:14.0: new USB bus registered, assigned bus number 4
[    2.209200] usb usb4: New USB device found, idVendor=1d6b, idProduct=0003
[    2.213696] usb usb4: New USB device strings: Mfr=3, Product=2, SerialNumber=1
[    2.222502] usb usb4: Product: xHCI Host Controller
[    2.226940] usb usb4: Manufacturer: Linux 4.4.0-109-generic xhci-hcd
[    2.231425] usb usb4: SerialNumber: 0000:00:14.0
[    2.235984] hub 4-0:1.0: USB hub found
[    2.240398] hub 4-0:1.0: 6 ports detected
[    2.247125] i8042: PNP: No PS/2 controller found. Probing ports directly.
[    2.252101] serio: i8042 KBD port at 0x60,0x64 irq 1
[    2.256611] serio: i8042 AUX port at 0x60,0x64 irq 12
[    2.261240] mousedev: PS/2 mouse device common for all mice
[    2.265849] rtc_cmos 00:00: RTC can wake from S4
[    2.270395] rtc_cmos 00:00: rtc core: registered rtc_cmos as rtc0
[    2.274832] rtc_cmos 00:00: alarms up to one month, y3k, 114 bytes nvram, hpet irqs
[    2.283505] i2c /dev entries driver
[    2.287787] device-mapper: uevent: version 1.0.3
[    2.292055] device-mapper: ioctl: 4.34.0-ioctl (2015-10-28) initialised: dm-devel@redhat.com
[    2.300387] Intel P-state driver initializing.
[    2.306681] ledtrig-cpu: registered to indicate activity on CPUs
[    2.311780] NET: Registered protocol family 10
[    2.316443] NET: Registered protocol family 17
[    2.320570] Key type dns_resolver registered
[    2.325801] microcode: CPU0 sig=0x406f1, pf=0x1, revision=0xb000014
[    2.330057] microcode: CPU1 sig=0x406f1, pf=0x1, revision=0xb000014
[    2.334277] microcode: CPU2 sig=0x406f1, pf=0x1, revision=0xb000014
[    2.338308] microcode: CPU3 sig=0x406f1, pf=0x1, revision=0xb000014
[    2.342166] microcode: CPU4 sig=0x406f1, pf=0x1, revision=0xb000014
[    2.345896] microcode: CPU5 sig=0x406f1, pf=0x1, revision=0xb000014
[    2.349525] microcode: CPU6 sig=0x406f1, pf=0x1, revision=0xb000014
[    2.352925] microcode: CPU7 sig=0x406f1, pf=0x1, revision=0xb000014
[    2.356243] microcode: CPU8 sig=0x406f1, pf=0x1, revision=0xb000014
[    2.359421] microcode: CPU9 sig=0x406f1, pf=0x1, revision=0xb000014
[    2.361623] usb 1-1: new high-speed USB device number 2 using ehci-pci
[    2.365600] microcode: CPU10 sig=0x406f1, pf=0x1, revision=0xb000014
[    2.368846] microcode: CPU11 sig=0x406f1, pf=0x1, revision=0xb000014
[    2.371943] microcode: CPU12 sig=0x406f1, pf=0x1, revision=0xb000014
[    2.374883] microcode: CPU13 sig=0x406f1, pf=0x1, revision=0xb000014
[    2.377816] microcode: CPU14 sig=0x406f1, pf=0x1, revision=0xb000014
[    2.380630] microcode: CPU15 sig=0x406f1, pf=0x1, revision=0xb000014
[    2.383326] microcode: CPU16 sig=0x406f1, pf=0x1, revision=0xb000014
[    2.385949] microcode: CPU17 sig=0x406f1, pf=0x1, revision=0xb000014
[    2.388442] microcode: CPU18 sig=0x406f1, pf=0x1, revision=0xb000014
[    2.390750] microcode: CPU19 sig=0x406f1, pf=0x1, revision=0xb000014
[    2.392954] microcode: CPU20 sig=0x406f1, pf=0x1, revision=0xb000014
[    2.395174] microcode: CPU21 sig=0x406f1, pf=0x1, revision=0xb000014
[    2.397204] microcode: CPU22 sig=0x406f1, pf=0x1, revision=0xb000014
[    2.399028] microcode: CPU23 sig=0x406f1, pf=0x1, revision=0xb000014
[    2.400738] microcode: CPU24 sig=0x406f1, pf=0x1, revision=0xb000014
[    2.402321] microcode: CPU25 sig=0x406f1, pf=0x1, revision=0xb000014
[    2.403786] microcode: CPU26 sig=0x406f1, pf=0x1, revision=0xb000014
[    2.405240] microcode: CPU27 sig=0x406f1, pf=0x1, revision=0xb000014
[    2.406604] microcode: CPU28 sig=0x406f1, pf=0x1, revision=0xb000014
[    2.407823] microcode: CPU29 sig=0x406f1, pf=0x1, revision=0xb000014
[    2.409043] microcode: CPU30 sig=0x406f1, pf=0x1, revision=0xb000014
[    2.410265] microcode: CPU31 sig=0x406f1, pf=0x1, revision=0xb000014
[    2.411481] microcode: CPU32 sig=0x406f1, pf=0x1, revision=0xb000014
[    2.412701] microcode: CPU33 sig=0x406f1, pf=0x1, revision=0xb000014
[    2.413931] microcode: CPU34 sig=0x406f1, pf=0x1, revision=0xb000014
[    2.415140] microcode: CPU35 sig=0x406f1, pf=0x1, revision=0xb000014
[    2.416363] microcode: CPU36 sig=0x406f1, pf=0x1, revision=0xb000014
[    2.417586] microcode: CPU37 sig=0x406f1, pf=0x1, revision=0xb000014
[    2.418806] microcode: CPU38 sig=0x406f1, pf=0x1, revision=0xb000014
[    2.419868] microcode: CPU39 sig=0x406f1, pf=0x1, revision=0xb000014
[    2.420778] microcode: CPU40 sig=0x406f1, pf=0x1, revision=0xb000014
[    2.421690] microcode: CPU41 sig=0x406f1, pf=0x1, revision=0xb000014
[    2.422602] microcode: CPU42 sig=0x406f1, pf=0x1, revision=0xb000014
[    2.423516] microcode: CPU43 sig=0x406f1, pf=0x1, revision=0xb000014
[    2.424434] microcode: CPU44 sig=0x406f1, pf=0x1, revision=0xb000014
[    2.425352] microcode: CPU45 sig=0x406f1, pf=0x1, revision=0xb000014
[    2.426266] microcode: CPU46 sig=0x406f1, pf=0x1, revision=0xb000014
[    2.427181] microcode: CPU47 sig=0x406f1, pf=0x1, revision=0xb000014
[    2.428088] microcode: CPU48 sig=0x406f1, pf=0x1, revision=0xb000014
[    2.429004] microcode: CPU49 sig=0x406f1, pf=0x1, revision=0xb000014
[    2.429914] microcode: CPU50 sig=0x406f1, pf=0x1, revision=0xb000014
[    2.430824] microcode: CPU51 sig=0x406f1, pf=0x1, revision=0xb000014
[    2.431737] microcode: CPU52 sig=0x406f1, pf=0x1, revision=0xb000014
[    2.432646] microcode: CPU53 sig=0x406f1, pf=0x1, revision=0xb000014
[    2.433270] usb 2-1: new high-speed USB device number 2 using ehci-pci
[    2.434596] microcode: CPU54 sig=0x406f1, pf=0x1, revision=0xb000014
[    2.435812] microcode: CPU55 sig=0x406f1, pf=0x1, revision=0xb000014
[    2.437050] microcode: Microcode Update Driver: v2.01 <tigran@aivazian.fsnet.co.uk>, Peter Oruba
[    2.439921] registered taskstats version 1
[    2.441482] Loading compiled-in X.509 certificates
[    2.443681] Loaded X.509 cert 'Build time autogenerated kernel key: 96e61bd247bb6c4e82ca419795a98fcb171b0e99'
[    2.447561] zswap: loaded using pool lzo/zbud
[    2.453145] Key type trusted registered
[    2.461385] Key type encrypted registered
[    2.463633] AppArmor: AppArmor sha1 policy hashing enabled
[    2.466052] ima: No TPM chip found, activating TPM-bypass!
[    2.468604] evm: HMAC attrs: 0x1
[    2.472368]   Magic number: 6:210:526
[    2.475023] usb usb3-port9: hash matches
[    2.478064] rtc_cmos 00:00: setting system clock to 2018-02-24 09:31:52 UTC (1519464712)
[    2.484194] BIOS EDD facility v0.16 2004-Jun-25, 0 devices found
[    2.487544] EDD information not available.
[    2.490956] PM: Hibernation image not present or could not be loaded.
[    2.492265] Freeing unused kernel memory: 1508K
[    2.495236] usb 1-1: New USB device found, idVendor=8087, idProduct=800a
[    2.495244] usb 1-1: New USB device strings: Mfr=0, Product=0, SerialNumber=0
[    2.497101] hub 1-1:1.0: USB hub found
[    2.499424] hub 1-1:1.0: 6 ports detected
[    2.505914] usb 3-10: new high-speed USB device number 2 using xhci_hcd
[    2.515175] Write protecting the kernel read-only data: 14336k
[    2.520500] Freeing unused kernel memory: 1744K
[    2.525283] Freeing unused kernel memory: 108K
[    2.552279] random: systemd-udevd: uninitialized urandom read (16 bytes read, 3 bits of entropy available)
[    2.552715] random: udevadm: uninitialized urandom read (16 bytes read, 3 bits of entropy available)
[    2.552732] random: udevadm: uninitialized urandom read (16 bytes read, 3 bits of entropy available)
[    2.560389] random: udevadm: uninitialized urandom read (16 bytes read, 3 bits of entropy available)
[    2.560424] random: udevadm: uninitialized urandom read (16 bytes read, 3 bits of entropy available)
[    2.563261] random: udevadm: uninitialized urandom read (16 bytes read, 3 bits of entropy available)
[    2.563296] random: udevadm: uninitialized urandom read (16 bytes read, 3 bits of entropy available)
[    2.563330] random: udevadm: uninitialized urandom read (16 bytes read, 3 bits of entropy available)
[    2.563362] random: udevadm: uninitialized urandom read (16 bytes read, 3 bits of entropy available)
[    2.563404] random: udevadm: uninitialized urandom read (16 bytes read, 3 bits of entropy available)
[    2.574413] usb 2-1: New USB device found, idVendor=8087, idProduct=8002
[    2.574414] usb 2-1: New USB device strings: Mfr=0, Product=0, SerialNumber=0
[    2.575051] hub 2-1:1.0: USB hub found
[    2.575243] hub 2-1:1.0: 8 ports detected
[    2.650689] usb 3-10: New USB device found, idVendor=0624, idProduct=0248
[    2.650710] usb 3-10: New USB device strings: Mfr=1, Product=2, SerialNumber=3
[    2.650711] usb 3-10: Product: Gadget USB HUB
[    2.650712] usb 3-10: Manufacturer: no manufacturer
[    2.650712] usb 3-10: SerialNumber: 0123456789
[    2.651735] hub 3-10:1.0: USB hub found
[    2.651855] hub 3-10:1.0: 5 ports detected
[    2.736623] FUJITSU Extended Socket Network Device Driver - version 1.0 - Copyright (c) 2015 FUJITSU LIMITED
[    2.766470] megasas: 06.810.09.00-rc1
[    2.772500] [drm] Initialized drm 1.1.0 20060810
[    2.773703] tsc: Refined TSC clocksource calibration: 2399.974 MHz
[    2.773733] clocksource: tsc: mask: 0xffffffffffffffff max_cycles: 0x22981eecce7, max_idle_ns: 440795204679 ns
[    2.774857] megaraid_sas 0000:01:00.0: FW now in Ready state
[    2.777874] megaraid_sas 0000:01:00.0: firmware supports msix	: (16)
[    2.777876] megaraid_sas 0000:01:00.0: current msix/online cpus	: (16/56)
[    2.777882] megaraid_sas 0000:01:00.0: RDPQ mode	: (disabled)
[    2.781661] megaraid_sas 0000:01:00.0: Current firmware maximum commands: 1008	 LDIO threshold: 0
[    2.817975] megaraid_sas 0000:01:00.0: Init cmd success
[    2.827093] ahci 0000:00:11.4: version 3.0
[    2.827557] ahci 0000:00:11.4: AHCI 0001.0300 32 slots 4 ports 6 Gbps 0xf impl SATA mode
[    2.836272] ahci 0000:00:11.4: flags: 64bit ncq pm led clo pio slum part ems apst 
[    2.844969] megaraid_sas 0000:01:00.0: firmware type	: Legacy(64 VD) firmware
